Component: ARM Compiler 6.16 Tool: armlink [5dfeaa00]

==============================================================================

Section Cross References

    startup_cmsdk_cm0.o(RESET) refers to startup_cmsdk_cm0.o(.text) for Reset_Handler


==============================================================================

Image Symbol Table

    Local Symbols

    Symbol Name                              Value     Ov Type        Size  Object(Section)

    startup_CMSDK_CM0.s                      0x00000000   Number         0  startup_cmsdk_cm0.o ABSOLUTE
    RESET                                    0x00000000   Section       68  startup_cmsdk_cm0.o(RESET)
    .text                                    0x00000044   Section      152  startup_cmsdk_cm0.o(.text)

    Global Symbols

    Symbol Name                              Value     Ov Type        Size  Object(Section)

    BuildAttributes$$THM_ISAv3M$S$A:L22$X:L11$S22$IEEE1$~IW$USESV6$~STKCKD$USESV7$~SHL$OSPACE$EBA8$STANDARDLIB$PRES8$EABIv2 0x00000000   Number         0  anon$$obj.o ABSOLUTE
    __Vectors                                0x00000000   Data           4  startup_cmsdk_cm0.o(RESET)
    Reset_Handler                            0x00000045   Thumb Code   108  startup_cmsdk_cm0.o(.text)



==============================================================================

Memory Map of the image

  Image Entry point : 0x00000045

  Load Region LR_IROM1 (Base: 0x00000000, Size: 0x000000dc, Max: 0x00010000, ABSOLUTE)

    Execution Region ER_IROM1 (Exec base: 0x00000000, Load base: 0x00000000, Size: 0x000000dc, Max: 0x00010000, ABSOLUTE)

    Exec Addr    Load Addr    Size         Type   Attr      Idx    E Section Name        Object

    0x00000000   0x00000000   0x00000044   Data   RO            1    RESET               startup_cmsdk_cm0.o
    0x00000044   0x00000044   0x00000098   Code   RO            2  * .text               startup_cmsdk_cm0.o


    Execution Region RW_IRAM1 (Exec base: 0x20000000, Load base: 0x000000dc, Size: 0x00000000, Max: 0x00010000, ABSOLUTE)

    **** No section assigned to this execution region ****


==============================================================================

Image component sizes


      Code (inc. data)   RO Data    RW Data    ZI Data      Debug   Object Name

       152         44         68          0          0        368   startup_cmsdk_cm0.o

    ----------------------------------------------------------------------
       152         44         68          0          0        368   Object Totals
         0          0          0          0          0          0   (incl. Generated)
         0          0          0          0          0          0   (incl. Padding)

    ----------------------------------------------------------------------
         0          0          0          0          0          0   Library Totals
         0          0          0          0          0          0   (incl. Padding)

    ----------------------------------------------------------------------

==============================================================================


      Code (inc. data)   RO Data    RW Data    ZI Data      Debug   

       152         44         68          0          0        368   Grand Totals
       152         44         68          0          0        368   ELF Image Totals
       152         44         68          0          0          0   ROM Totals

==============================================================================

    Total RO  Size (Code + RO Data)                  220 (   0.21kB)
    Total RW  Size (RW Data + ZI Data)                 0 (   0.00kB)
    Total ROM Size (Code + RO Data + RW Data)        220 (   0.21kB)

==============================================================================

