Component: ARM Compiler 5.06 update 7 (build 960) Tool: armlink [4d3601]

==============================================================================

Section Cross References

    keyboard.o(i.KEY_ISR) refers to keyboard.o(.data) for key_flag
    main.o(i.__main) refers to keyboard.o(.data) for key_flag
    startup_cmsdk_cm0.o(RESET) refers to startup_cmsdk_cm0.o(STACK) for __initial_sp
    startup_cmsdk_cm0.o(RESET) refers to startup_cmsdk_cm0.o(.text) for Reset_Handler
    startup_cmsdk_cm0.o(.text) refers to keyboard.o(i.KEY_ISR) for KEY_ISR
    startup_cmsdk_cm0.o(.text) refers to main.o(i.__main) for __main


==============================================================================

Removing Unused input sections from the image.

    Removing startup_cmsdk_cm0.o(HEAP), (1024 bytes).

1 unused section(s) (total 1024 bytes) removed from the image.

==============================================================================

Image Symbol Table

    Local Symbols

    Symbol Name                              Value     Ov Type        Size  Object(Section)

    RESET                                    0x00000000   Section       68  startup_cmsdk_cm0.o(RESET)
    ..\keil_src\keyboard.c                   0x00000000   Number         0  keyboard.o ABSOLUTE
    ..\keil_src\main.c                       0x00000000   Number         0  main.o ABSOLUTE
    ..\keil_src\startup_CMSDK_CM0.s          0x00000000   Number         0  startup_cmsdk_cm0.o ABSOLUTE
    .text                                    0x00000044   Section       20  startup_cmsdk_cm0.o(.text)
    i.KEY_ISR                                0x00000058   Section        0  keyboard.o(i.KEY_ISR)
    i.__main                                 0x00000064   Section        0  main.o(i.__main)
    .data                                    0x20000000   Section        4  keyboard.o(.data)
    STACK                                    0x20000010   Section     1024  startup_cmsdk_cm0.o(STACK)

    Global Symbols

    Symbol Name                              Value     Ov Type        Size  Object(Section)

    BuildAttributes$$THM_ISAv3M$S$PE$A:L22$X:L11$S22$IEEE1$IW$USESV6$~STKCKD$USESV7$~SHL$OSPACE$EBA8$MICROLIB$REQ8$PRES8$EABIv2 0x00000000   Number         0  anon$$obj.o ABSOLUTE
    __Vectors                                0x00000000   Data           4  startup_cmsdk_cm0.o(RESET)
    Reset_Handler                            0x00000045   Thumb Code     8  startup_cmsdk_cm0.o(.text)
    KEY_Handler                              0x0000004d   Thumb Code     8  startup_cmsdk_cm0.o(.text)
    KEY_ISR                                  0x00000059   Thumb Code     8  keyboard.o(i.KEY_ISR)
    __main                                   0x00000065   Thumb Code    82  main.o(i.__main)
    key_flag                                 0x20000000   Data           4  keyboard.o(.data)
    __initial_sp                             0x20000410   Data           0  startup_cmsdk_cm0.o(STACK)



==============================================================================

Memory Map of the image

  Image Entry point : 0x00000045

  Load Region LR_IROM1 (Base: 0x00000000, Size: 0x000000c4, Max: 0x00010000, ABSOLUTE)

    Execution Region ER_IROM1 (Exec base: 0x00000000, Load base: 0x00000000, Size: 0x000000c0, Max: 0x00010000, ABSOLUTE)

    Exec Addr    Load Addr    Size         Type   Attr      Idx    E Section Name        Object

    0x00000000   0x00000000   0x00000044   Data   RO           46    RESET               startup_cmsdk_cm0.o
    0x00000044   0x00000044   0x00000014   Code   RO           47  * .text               startup_cmsdk_cm0.o
    0x00000058   0x00000058   0x0000000c   Code   RO            1    i.KEY_ISR           keyboard.o
    0x00000064   0x00000064   0x0000005c   Code   RO           24    i.__main            main.o


    Execution Region RW_IRAM1 (Exec base: 0x20000000, Load base: 0x000000c0, Size: 0x00000410, Max: 0x00010000, ABSOLUTE)

    Exec Addr    Load Addr    Size         Type   Attr      Idx    E Section Name        Object

    0x20000000   0x000000c0   0x00000004   Data   RW            2    .data               keyboard.o
    0x20000004   0x000000c4   0x0000000c   PAD
    0x20000010        -       0x00000400   Zero   RW           44    STACK               startup_cmsdk_cm0.o


==============================================================================

Image component sizes


      Code (inc. data)   RO Data    RW Data    ZI Data      Debug   Object Name

        12          4          0          4          0       5069   keyboard.o
        92         10          0          0          0        565   main.o
        20          4         68          0       1024        412   startup_cmsdk_cm0.o

    ----------------------------------------------------------------------
       124         18         68          4       1036       6046   Object Totals
         0          0          0          0          0          0   (incl. Generated)
         0          0          0          0         12          0   (incl. Padding)

    ----------------------------------------------------------------------
         0          0          0          0          0          0   Library Totals
         0          0          0          0          0          0   (incl. Padding)

    ----------------------------------------------------------------------

==============================================================================


      Code (inc. data)   RO Data    RW Data    ZI Data      Debug   

       124         18         68          4       1036       6046   Grand Totals
       124         18         68          4       1036       6046   ELF Image Totals
       124         18         68          4          0          0   ROM Totals

==============================================================================

    Total RO  Size (Code + RO Data)                  192 (   0.19kB)
    Total RW  Size (RW Data + ZI Data)              1040 (   1.02kB)
    Total ROM Size (Code + RO Data + RW Data)        196 (   0.19kB)

==============================================================================

