<html>
<body>
<pre>
<h1>µVision Build Log</h1>
<h2>Tool Versions:</h2>
IDE-Version: ¦ÌVision V5.35.0.0
Copyright (C) 2021 ARM Ltd and ARM Germany GmbH. All rights reserved.
License Information: xx Frank, xx, LIC=MPPLD-8JSVW-HLXCL-0ZB7Q-FG898-X77FC
 
Tool Versions:
Toolchain:       MDK-ARM Plus  Version: 5.35.0.2
Toolchain Path:  C:\Keil_v5\ARM\ARMCLANG\Bin
C Compiler:      ArmClang.exe V6.16
Assembler:       Armasm.exe V6.16
Linker/Locator:  ArmLink.exe V6.16
Library Manager: ArmAr.exe V6.16
Hex Converter:   FromElf.exe V6.16
CPU DLL:         SARMCM3.DLL V5.35.0.2
Dialog DLL:      DARMCM1.DLL V1.19.4.0
Target DLL:      CMSIS_AGDI.dll V1.33.0.0
Dialog DLL:      TARMCM1.DLL V1.14.4.0
 
<h2>Project:</h2>
E:\test\Task3\hardware\keil\code.uvprojx
Project File Date:  03/17/2022

<h2>Output:</h2>
*** Using Compiler 'V6.16', folder: 'C:\Keil_v5\ARM\ARMCLANG\Bin'
Rebuild target 'Target 1'
"startup_CMSDK_CM0.s", line 71: Warning: A1581W: Added 2 bytes of padding at address 0x32
   71 00000034                 END
0 Errors, 1 Warning
assembling startup_CMSDK_CM0.s...
linking...
.\code.sct(8): warning: L6314W: No section matches pattern *(InRoot$$Sections).
Program Size: Code=64 RO-data=68 RW-data=0 ZI-data=0  
Finished: 0 information, 1 warning and 0 error messages.
After Build - User command #1: fromelf -cvf .\code.axf --vhx --32x1 -o code.hex
After Build - User command #2: fromelf -cvf .\code.axf -o code.txt
".\code.axf" - 0 Error(s), 1 Warning(s).

<h2>Software Packages used:</h2>

Package Vendor: Keil
                http://www.keil.com/pack/Keil.V2M-MPS2_CMx_BSP.1.7.1.pack
                Keil.V2M-MPS2_CMx_BSP.1.7.1
                ARM V2M-MPS2 Board Support PACK for Cortex-M System Design Kit Devices

<h2>Collection of Component include folders:</h2>
  C:\Keil_v5\ARM\PACK\Keil\V2M-MPS2_CMx_BSP\1.7.1\Device\CMSDK_CM0\Include

<h2>Collection of Component Files used:</h2>
Build Time Elapsed:  00:00:02
</pre>
</body>
</html>
