<!doctype html public "-//w3c//dtd html 4.0 transitional//en">
<html><head>
<title>Static Call Graph - [.\code.axf]</title></head>
<body><HR>
<H1>Static Call Graph for image .\code.axf</H1><HR>
<BR><P>#&#060CALLGRAPH&#062# ARM Linker, 5060960: Last Updated: Sun Apr 03 13:05:47 2022
<BR><P>
<H3>Maximum Stack Usage =         28 bytes + Unknown(Untraceable Function Pointers)</H3><H3>
Call chain for Maximum Stack Depth:</H3>
UART_Handler &rArr; UARTHandle &rArr; UARTString &rArr; WriteUART
<P>
<H3>
Function Pointers
</H3><UL>
 <LI><a href="#[4]">Reset_Handler</a> from startup_cmsdk_cm0.o(.text) referenced from startup_cmsdk_cm0.o(RESET)
 <LI><a href="#[1]">UART_Handler</a> from startup_cmsdk_cm0.o(.text) referenced from startup_cmsdk_cm0.o(RESET)
 <LI><a href="#[3]">__main</a> from entry.o(.ARM.Collect$$$$00000000) referenced from startup_cmsdk_cm0.o(.text)
 <LI><a href="#[2]">main</a> from main.o(i.main) referenced from entry9a.o(.ARM.Collect$$$$0000000B)
</UL>
<P>
<H3>
Global Symbols
</H3>
<P><STRONG><a name="[3]"></a>__main</STRONG> (Thumb, 0 bytes, Stack size unknown bytes, entry.o(.ARM.Collect$$$$00000000))
<BR>[Address Reference Count : 1]<UL><LI> startup_cmsdk_cm0.o(.text)
</UL>
<P><STRONG><a name="[13]"></a>_main_stk</STRONG> (Thumb, 0 bytes, Stack size unknown bytes, entry2.o(.ARM.Collect$$$$00000001))

<P><STRONG><a name="[5]"></a>_main_scatterload</STRONG> (Thumb, 0 bytes, Stack size unknown bytes, entry5.o(.ARM.Collect$$$$00000004))
<BR><BR>[Calls]<UL><LI><a href="#[6]">&gt;&gt;</a>&nbsp;&nbsp;&nbsp;__scatterload
</UL>

<P><STRONG><a name="[a]"></a>__main_after_scatterload</STRONG> (Thumb, 0 bytes, Stack size unknown bytes, entry5.o(.ARM.Collect$$$$00000004))
<BR><BR>[Called By]<UL><LI><a href="#[6]">&gt;&gt;</a>&nbsp;&nbsp;&nbsp;__scatterload
</UL>

<P><STRONG><a name="[14]"></a>_main_clock</STRONG> (Thumb, 0 bytes, Stack size unknown bytes, entry7b.o(.ARM.Collect$$$$00000008))

<P><STRONG><a name="[15]"></a>_main_cpp_init</STRONG> (Thumb, 0 bytes, Stack size unknown bytes, entry8b.o(.ARM.Collect$$$$0000000A))

<P><STRONG><a name="[16]"></a>_main_init</STRONG> (Thumb, 0 bytes, Stack size unknown bytes, entry9a.o(.ARM.Collect$$$$0000000B))

<P><STRONG><a name="[7]"></a>__rt_lib_shutdown_fini</STRONG> (Thumb, 0 bytes, Stack size unknown bytes, entry12b.o(.ARM.Collect$$$$0000000E))
<BR><BR>[Calls]<UL><LI><a href="#[8]">&gt;&gt;</a>&nbsp;&nbsp;&nbsp;__arm_fini_ (Weak Reference)
</UL>

<P><STRONG><a name="[17]"></a>__rt_final_cpp</STRONG> (Thumb, 0 bytes, Stack size unknown bytes, entry10a.o(.ARM.Collect$$$$0000000F))

<P><STRONG><a name="[18]"></a>__rt_final_exit</STRONG> (Thumb, 0 bytes, Stack size unknown bytes, entry11a.o(.ARM.Collect$$$$00000011))

<P><STRONG><a name="[4]"></a>Reset_Handler</STRONG> (Thumb, 8 bytes, Stack size 0 bytes, startup_cmsdk_cm0.o(.text))

<P><STRONG><a name="[1]"></a>UART_Handler</STRONG> (Thumb, 8 bytes, Stack size 0 bytes, startup_cmsdk_cm0.o(.text))
<BR><BR>[Stack]<UL><LI>Max Depth = 28<LI>Call Chain = UART_Handler &rArr; UARTHandle &rArr; UARTString &rArr; WriteUART
</UL>
<BR>[Calls]<UL><LI><a href="#[9]">&gt;&gt;</a>&nbsp;&nbsp;&nbsp;UARTHandle
</UL>
<BR>[Address Reference Count : 1]<UL><LI> startup_cmsdk_cm0.o(RESET)
</UL>
<P><STRONG><a name="[e]"></a>strlen</STRONG> (Thumb, 14 bytes, Stack size 0 bytes, strlen.o(.text))
<BR><BR>[Called By]<UL><LI><a href="#[c]">&gt;&gt;</a>&nbsp;&nbsp;&nbsp;UARTString
</UL>

<P><STRONG><a name="[6]"></a>__scatterload</STRONG> (Thumb, 28 bytes, Stack size 0 bytes, init.o(.text))
<BR><BR>[Calls]<UL><LI><a href="#[a]">&gt;&gt;</a>&nbsp;&nbsp;&nbsp;__main_after_scatterload
</UL>
<BR>[Called By]<UL><LI><a href="#[5]">&gt;&gt;</a>&nbsp;&nbsp;&nbsp;_main_scatterload
</UL>

<P><STRONG><a name="[19]"></a>__scatterload_rt2</STRONG> (Thumb, 0 bytes, Stack size 0 bytes, init.o(.text), UNUSED)

<P><STRONG><a name="[12]"></a>Delay</STRONG> (Thumb, 18 bytes, Stack size 0 bytes, code_def.o(i.Delay))
<BR><BR>[Called By]<UL><LI><a href="#[2]">&gt;&gt;</a>&nbsp;&nbsp;&nbsp;main
</UL>

<P><STRONG><a name="[b]"></a>ReadUART</STRONG> (Thumb, 10 bytes, Stack size 0 bytes, code_def.o(i.ReadUART))
<BR><BR>[Called By]<UL><LI><a href="#[9]">&gt;&gt;</a>&nbsp;&nbsp;&nbsp;UARTHandle
</UL>

<P><STRONG><a name="[f]"></a>ReadUARTState</STRONG> (Thumb, 10 bytes, Stack size 0 bytes, code_def.o(i.ReadUARTState))
<BR><BR>[Called By]<UL><LI><a href="#[d]">&gt;&gt;</a>&nbsp;&nbsp;&nbsp;WriteUART
</UL>

<P><STRONG><a name="[11]"></a>SetWaterLightMode</STRONG> (Thumb, 8 bytes, Stack size 0 bytes, code_def.o(i.SetWaterLightMode))
<BR><BR>[Called By]<UL><LI><a href="#[2]">&gt;&gt;</a>&nbsp;&nbsp;&nbsp;main
</UL>

<P><STRONG><a name="[10]"></a>SetWaterLightSpeed</STRONG> (Thumb, 8 bytes, Stack size 0 bytes, code_def.o(i.SetWaterLightSpeed))
<BR><BR>[Called By]<UL><LI><a href="#[2]">&gt;&gt;</a>&nbsp;&nbsp;&nbsp;main
</UL>

<P><STRONG><a name="[9]"></a>UARTHandle</STRONG> (Thumb, 28 bytes, Stack size 8 bytes, code_def.o(i.UARTHandle))
<BR><BR>[Stack]<UL><LI>Max Depth = 28<LI>Call Chain = UARTHandle &rArr; UARTString &rArr; WriteUART
</UL>
<BR>[Calls]<UL><LI><a href="#[d]">&gt;&gt;</a>&nbsp;&nbsp;&nbsp;WriteUART
<LI><a href="#[c]">&gt;&gt;</a>&nbsp;&nbsp;&nbsp;UARTString
<LI><a href="#[b]">&gt;&gt;</a>&nbsp;&nbsp;&nbsp;ReadUART
</UL>
<BR>[Called By]<UL><LI><a href="#[1]">&gt;&gt;</a>&nbsp;&nbsp;&nbsp;UART_Handler
</UL>

<P><STRONG><a name="[c]"></a>UARTString</STRONG> (Thumb, 28 bytes, Stack size 16 bytes, code_def.o(i.UARTString))
<BR><BR>[Stack]<UL><LI>Max Depth = 20<LI>Call Chain = UARTString &rArr; WriteUART
</UL>
<BR>[Calls]<UL><LI><a href="#[e]">&gt;&gt;</a>&nbsp;&nbsp;&nbsp;strlen
<LI><a href="#[d]">&gt;&gt;</a>&nbsp;&nbsp;&nbsp;WriteUART
</UL>
<BR>[Called By]<UL><LI><a href="#[2]">&gt;&gt;</a>&nbsp;&nbsp;&nbsp;main
<LI><a href="#[9]">&gt;&gt;</a>&nbsp;&nbsp;&nbsp;UARTHandle
</UL>

<P><STRONG><a name="[d]"></a>WriteUART</STRONG> (Thumb, 22 bytes, Stack size 4 bytes, code_def.o(i.WriteUART))
<BR><BR>[Stack]<UL><LI>Max Depth = 4<LI>Call Chain = WriteUART
</UL>
<BR>[Calls]<UL><LI><a href="#[f]">&gt;&gt;</a>&nbsp;&nbsp;&nbsp;ReadUARTState
</UL>
<BR>[Called By]<UL><LI><a href="#[c]">&gt;&gt;</a>&nbsp;&nbsp;&nbsp;UARTString
<LI><a href="#[9]">&gt;&gt;</a>&nbsp;&nbsp;&nbsp;UARTHandle
</UL>

<P><STRONG><a name="[1a]"></a>__scatterload_copy</STRONG> (Thumb, 14 bytes, Stack size unknown bytes, handlers.o(i.__scatterload_copy), UNUSED)

<P><STRONG><a name="[1b]"></a>__scatterload_null</STRONG> (Thumb, 2 bytes, Stack size unknown bytes, handlers.o(i.__scatterload_null), UNUSED)

<P><STRONG><a name="[1c]"></a>__scatterload_zeroinit</STRONG> (Thumb, 14 bytes, Stack size unknown bytes, handlers.o(i.__scatterload_zeroinit), UNUSED)

<P><STRONG><a name="[2]"></a>main</STRONG> (Thumb, 94 bytes, Stack size 0 bytes, main.o(i.main))
<BR><BR>[Stack]<UL><LI>Max Depth = 20<LI>Call Chain = main &rArr; UARTString &rArr; WriteUART
</UL>
<BR>[Calls]<UL><LI><a href="#[c]">&gt;&gt;</a>&nbsp;&nbsp;&nbsp;UARTString
<LI><a href="#[10]">&gt;&gt;</a>&nbsp;&nbsp;&nbsp;SetWaterLightSpeed
<LI><a href="#[11]">&gt;&gt;</a>&nbsp;&nbsp;&nbsp;SetWaterLightMode
<LI><a href="#[12]">&gt;&gt;</a>&nbsp;&nbsp;&nbsp;Delay
</UL>
<BR>[Address Reference Count : 1]<UL><LI> entry9a.o(.ARM.Collect$$$$0000000B)
</UL><P>
<H3>
Local Symbols
</H3><P>
<H3>
Undefined Global Symbols
</H3>
<P><STRONG><a name="[8]"></a>__arm_fini_</STRONG> (Unknown, 0 bytes, Stack size 0 bytes, UNDEFINED)
<BR><BR>[Called By]<UL><LI><a href="#[7]">&gt;&gt;</a>&nbsp;&nbsp;&nbsp;__rt_lib_shutdown_fini
</UL>
<HR></body></html>
