Component: ARM Compiler 5.06 update 7 (build 960) Tool: armlink [4d3601]

==============================================================================

Section Cross References

    code_def.o(i.UARTHandle) refers to code_def.o(i.ReadUART) for ReadUART
    code_def.o(i.UARTHandle) refers to code_def.o(i.UARTString) for UARTString
    code_def.o(i.UARTHandle) refers to code_def.o(i.WriteUART) for WriteUART
    code_def.o(i.UARTString) refers to code_def.o(i.WriteUART) for WriteUART
    code_def.o(i.UARTString) refers to strlen.o(.text) for strlen
    code_def.o(i.WriteUART) refers to code_def.o(i.ReadUARTState) for ReadUARTState
    main.o(i.main) refers to code_def.o(i.UARTString) for UARTString
    main.o(i.main) refers to code_def.o(i.SetWaterLightSpeed) for SetWaterLightSpeed
    main.o(i.main) refers to code_def.o(i.SetWaterLightMode) for SetWaterLightMode
    main.o(i.main) refers to code_def.o(i.Delay) for Delay
    startup_cmsdk_cm0.o(RESET) refers to startup_cmsdk_cm0.o(STACK) for __initial_sp
    startup_cmsdk_cm0.o(RESET) refers to startup_cmsdk_cm0.o(.text) for Reset_Handler
    startup_cmsdk_cm0.o(.text) refers to code_def.o(i.UARTHandle) for UARTHandle
    startup_cmsdk_cm0.o(.text) refers to entry.o(.ARM.Collect$$$$00000000) for __main
    entry.o(.ARM.Collect$$$$00000000) refers (Special) to entry10a.o(.ARM.Collect$$$$0000000F) for __rt_final_cpp
    entry.o(.ARM.Collect$$$$00000000) refers (Special) to entry11a.o(.ARM.Collect$$$$00000011) for __rt_final_exit
    entry.o(.ARM.Collect$$$$00000000) refers (Special) to entry12b.o(.ARM.Collect$$$$0000000E) for __rt_lib_shutdown_fini
    entry.o(.ARM.Collect$$$$00000000) refers (Special) to entry7b.o(.ARM.Collect$$$$00000008) for _main_clock
    entry.o(.ARM.Collect$$$$00000000) refers (Special) to entry8b.o(.ARM.Collect$$$$0000000A) for _main_cpp_init
    entry.o(.ARM.Collect$$$$00000000) refers (Special) to entry9a.o(.ARM.Collect$$$$0000000B) for _main_init
    entry.o(.ARM.Collect$$$$00000000) refers (Special) to entry5.o(.ARM.Collect$$$$00000004) for _main_scatterload
    entry.o(.ARM.Collect$$$$00000000) refers (Special) to entry2.o(.ARM.Collect$$$$00000001) for _main_stk
    entry2.o(.ARM.Collect$$$$00000001) refers to entry2.o(.ARM.Collect$$$$00002712) for __lit__00000000
    entry2.o(.ARM.Collect$$$$00002712) refers to startup_cmsdk_cm0.o(STACK) for __initial_sp
    entry2.o(__vectab_stack_and_reset_area) refers to startup_cmsdk_cm0.o(STACK) for __initial_sp
    entry2.o(__vectab_stack_and_reset_area) refers to entry.o(.ARM.Collect$$$$00000000) for __main
    entry5.o(.ARM.Collect$$$$00000004) refers to init.o(.text) for __scatterload
    entry9a.o(.ARM.Collect$$$$0000000B) refers to main.o(i.main) for main
    entry9b.o(.ARM.Collect$$$$0000000C) refers to main.o(i.main) for main
    init.o(.text) refers to entry5.o(.ARM.Collect$$$$00000004) for __main_after_scatterload


==============================================================================

Removing Unused input sections from the image.

    Removing startup_cmsdk_cm0.o(HEAP), (1024 bytes).

1 unused section(s) (total 1024 bytes) removed from the image.

==============================================================================

Image Symbol Table

    Local Symbols

    Symbol Name                              Value     Ov Type        Size  Object(Section)

    RESET                                    0x00000000   Section       68  startup_cmsdk_cm0.o(RESET)
    ../clib/microlib/init/entry.s            0x00000000   Number         0  entry11b.o ABSOLUTE
    ../clib/microlib/init/entry.s            0x00000000   Number         0  entry11a.o ABSOLUTE
    ../clib/microlib/init/entry.s            0x00000000   Number         0  entry10b.o ABSOLUTE
    ../clib/microlib/init/entry.s            0x00000000   Number         0  entry10a.o ABSOLUTE
    ../clib/microlib/init/entry.s            0x00000000   Number         0  entry9b.o ABSOLUTE
    ../clib/microlib/init/entry.s            0x00000000   Number         0  entry9a.o ABSOLUTE
    ../clib/microlib/init/entry.s            0x00000000   Number         0  entry8b.o ABSOLUTE
    ../clib/microlib/init/entry.s            0x00000000   Number         0  entry8a.o ABSOLUTE
    ../clib/microlib/init/entry.s            0x00000000   Number         0  entry.o ABSOLUTE
    ../clib/microlib/init/entry.s            0x00000000   Number         0  entry2.o ABSOLUTE
    ../clib/microlib/init/entry.s            0x00000000   Number         0  entry7b.o ABSOLUTE
    ../clib/microlib/init/entry.s            0x00000000   Number         0  entry7a.o ABSOLUTE
    ../clib/microlib/init/entry.s            0x00000000   Number         0  entry5.o ABSOLUTE
    ../clib/microlib/init/entry.s            0x00000000   Number         0  entry12a.o ABSOLUTE
    ../clib/microlib/init/entry.s            0x00000000   Number         0  entry12b.o ABSOLUTE
    ../clib/microlib/string/strlen.c         0x00000000   Number         0  strlen.o ABSOLUTE
    ..\keil_src\code_def.c                   0x00000000   Number         0  code_def.o ABSOLUTE
    ..\keil_src\main.c                       0x00000000   Number         0  main.o ABSOLUTE
    ..\keil_src\startup_CMSDK_CM0.s          0x00000000   Number         0  startup_cmsdk_cm0.o ABSOLUTE
    dc.s                                     0x00000000   Number         0  dc.o ABSOLUTE
    handlers.s                               0x00000000   Number         0  handlers.o ABSOLUTE
    init.s                                   0x00000000   Number         0  init.o ABSOLUTE
    .ARM.Collect$$$$00000000                 0x00000044   Section        0  entry.o(.ARM.Collect$$$$00000000)
    .ARM.Collect$$$$00000001                 0x00000044   Section        4  entry2.o(.ARM.Collect$$$$00000001)
    .ARM.Collect$$$$00000004                 0x00000048   Section        4  entry5.o(.ARM.Collect$$$$00000004)
    .ARM.Collect$$$$00000008                 0x0000004c   Section        0  entry7b.o(.ARM.Collect$$$$00000008)
    .ARM.Collect$$$$0000000A                 0x0000004c   Section        0  entry8b.o(.ARM.Collect$$$$0000000A)
    .ARM.Collect$$$$0000000B                 0x0000004c   Section        8  entry9a.o(.ARM.Collect$$$$0000000B)
    .ARM.Collect$$$$0000000E                 0x00000054   Section        4  entry12b.o(.ARM.Collect$$$$0000000E)
    .ARM.Collect$$$$0000000F                 0x00000058   Section        0  entry10a.o(.ARM.Collect$$$$0000000F)
    .ARM.Collect$$$$00000011                 0x00000058   Section        0  entry11a.o(.ARM.Collect$$$$00000011)
    .ARM.Collect$$$$00002712                 0x00000058   Section        4  entry2.o(.ARM.Collect$$$$00002712)
    __lit__00000000                          0x00000058   Data           4  entry2.o(.ARM.Collect$$$$00002712)
    .text                                    0x0000005c   Section       20  startup_cmsdk_cm0.o(.text)
    .text                                    0x00000070   Section        0  strlen.o(.text)
    .text                                    0x00000080   Section       36  init.o(.text)
    i.Delay                                  0x000000a4   Section        0  code_def.o(i.Delay)
    i.ReadUART                               0x000000b6   Section        0  code_def.o(i.ReadUART)
    i.ReadUARTState                          0x000000c0   Section        0  code_def.o(i.ReadUARTState)
    i.SetWaterLightMode                      0x000000ca   Section        0  code_def.o(i.SetWaterLightMode)
    i.SetWaterLightSpeed                     0x000000d2   Section        0  code_def.o(i.SetWaterLightSpeed)
    i.UARTHandle                             0x000000dc   Section        0  code_def.o(i.UARTHandle)
    i.UARTString                             0x00000108   Section        0  code_def.o(i.UARTString)
    i.WriteUART                              0x00000124   Section        0  code_def.o(i.WriteUART)
    i.__scatterload_copy                     0x0000013a   Section       14  handlers.o(i.__scatterload_copy)
    i.__scatterload_null                     0x00000148   Section        2  handlers.o(i.__scatterload_null)
    i.__scatterload_zeroinit                 0x0000014a   Section       14  handlers.o(i.__scatterload_zeroinit)
    i.main                                   0x00000158   Section        0  main.o(i.main)
    STACK                                    0x20000000   Section     1024  startup_cmsdk_cm0.o(STACK)

    Global Symbols

    Symbol Name                              Value     Ov Type        Size  Object(Section)

    BuildAttributes$$THM_ISAv3M$S$PE$A:L22$X:L11$S22$IEEE1$IW$USESV6$~STKCKD$USESV7$~SHL$OSPACE$EBA8$MICROLIB$REQ8$PRES8$EABIv2 0x00000000   Number         0  anon$$obj.o ABSOLUTE
    __ARM_use_no_argv                        0x00000000   Number         0  main.o ABSOLUTE
    __Vectors                                0x00000000   Data           4  startup_cmsdk_cm0.o(RESET)
    __arm_fini_                               - Undefined Weak Reference
    __cpp_initialize__aeabi_                  - Undefined Weak Reference
    __cxa_finalize                            - Undefined Weak Reference
    __decompress                              - Undefined Weak Reference
    _clock_init                               - Undefined Weak Reference
    _microlib_exit                            - Undefined Weak Reference
    __main                                   0x00000045   Thumb Code     0  entry.o(.ARM.Collect$$$$00000000)
    _main_stk                                0x00000045   Thumb Code     0  entry2.o(.ARM.Collect$$$$00000001)
    _main_scatterload                        0x00000049   Thumb Code     0  entry5.o(.ARM.Collect$$$$00000004)
    __main_after_scatterload                 0x0000004d   Thumb Code     0  entry5.o(.ARM.Collect$$$$00000004)
    _main_clock                              0x0000004d   Thumb Code     0  entry7b.o(.ARM.Collect$$$$00000008)
    _main_cpp_init                           0x0000004d   Thumb Code     0  entry8b.o(.ARM.Collect$$$$0000000A)
    _main_init                               0x0000004d   Thumb Code     0  entry9a.o(.ARM.Collect$$$$0000000B)
    __rt_lib_shutdown_fini                   0x00000055   Thumb Code     0  entry12b.o(.ARM.Collect$$$$0000000E)
    __rt_final_cpp                           0x00000059   Thumb Code     0  entry10a.o(.ARM.Collect$$$$0000000F)
    __rt_final_exit                          0x00000059   Thumb Code     0  entry11a.o(.ARM.Collect$$$$00000011)
    Reset_Handler                            0x0000005d   Thumb Code     8  startup_cmsdk_cm0.o(.text)
    UART_Handler                             0x00000065   Thumb Code     8  startup_cmsdk_cm0.o(.text)
    strlen                                   0x00000071   Thumb Code    14  strlen.o(.text)
    __scatterload                            0x00000081   Thumb Code    28  init.o(.text)
    __scatterload_rt2                        0x00000081   Thumb Code     0  init.o(.text)
    Delay                                    0x000000a5   Thumb Code    18  code_def.o(i.Delay)
    ReadUART                                 0x000000b7   Thumb Code    10  code_def.o(i.ReadUART)
    ReadUARTState                            0x000000c1   Thumb Code    10  code_def.o(i.ReadUARTState)
    SetWaterLightMode                        0x000000cb   Thumb Code     8  code_def.o(i.SetWaterLightMode)
    SetWaterLightSpeed                       0x000000d3   Thumb Code     8  code_def.o(i.SetWaterLightSpeed)
    UARTHandle                               0x000000dd   Thumb Code    28  code_def.o(i.UARTHandle)
    UARTString                               0x00000109   Thumb Code    28  code_def.o(i.UARTString)
    WriteUART                                0x00000125   Thumb Code    22  code_def.o(i.WriteUART)
    __scatterload_copy                       0x0000013b   Thumb Code    14  handlers.o(i.__scatterload_copy)
    __scatterload_null                       0x00000149   Thumb Code     2  handlers.o(i.__scatterload_null)
    __scatterload_zeroinit                   0x0000014b   Thumb Code    14  handlers.o(i.__scatterload_zeroinit)
    main                                     0x00000159   Thumb Code    94  main.o(i.main)
    Region$$Table$$Base                      0x000002a0   Number         0  anon$$obj.o(Region$$Table)
    Region$$Table$$Limit                     0x000002b0   Number         0  anon$$obj.o(Region$$Table)
    __initial_sp                             0x20000400   Data           0  startup_cmsdk_cm0.o(STACK)



==============================================================================

Memory Map of the image

  Image entry point : Not specified.

  Load Region LR_IROM1 (Base: 0x00000000, Size: 0x000002b0, Max: 0x00010000, ABSOLUTE)

    Execution Region ER_IROM1 (Exec base: 0x00000000, Load base: 0x00000000, Size: 0x000002b0, Max: 0x00010000, ABSOLUTE)

    Exec Addr    Load Addr    Size         Type   Attr      Idx    E Section Name        Object

    0x00000000   0x00000000   0x00000044   Data   RO           80    RESET               startup_cmsdk_cm0.o
    0x00000044   0x00000044   0x00000000   Code   RO           86  * .ARM.Collect$$$$00000000  mc_p.l(entry.o)
    0x00000044   0x00000044   0x00000004   Code   RO           91    .ARM.Collect$$$$00000001  mc_p.l(entry2.o)
    0x00000048   0x00000048   0x00000004   Code   RO           94    .ARM.Collect$$$$00000004  mc_p.l(entry5.o)
    0x0000004c   0x0000004c   0x00000000   Code   RO           96    .ARM.Collect$$$$00000008  mc_p.l(entry7b.o)
    0x0000004c   0x0000004c   0x00000000   Code   RO           98    .ARM.Collect$$$$0000000A  mc_p.l(entry8b.o)
    0x0000004c   0x0000004c   0x00000008   Code   RO           99    .ARM.Collect$$$$0000000B  mc_p.l(entry9a.o)
    0x00000054   0x00000054   0x00000004   Code   RO          106    .ARM.Collect$$$$0000000E  mc_p.l(entry12b.o)
    0x00000058   0x00000058   0x00000000   Code   RO          101    .ARM.Collect$$$$0000000F  mc_p.l(entry10a.o)
    0x00000058   0x00000058   0x00000000   Code   RO          103    .ARM.Collect$$$$00000011  mc_p.l(entry11a.o)
    0x00000058   0x00000058   0x00000004   Code   RO           92    .ARM.Collect$$$$00002712  mc_p.l(entry2.o)
    0x0000005c   0x0000005c   0x00000014   Code   RO           81  * .text               startup_cmsdk_cm0.o
    0x00000070   0x00000070   0x0000000e   Code   RO           89    .text               mc_p.l(strlen.o)
    0x0000007e   0x0000007e   0x00000002   PAD
    0x00000080   0x00000080   0x00000024   Code   RO          107    .text               mc_p.l(init.o)
    0x000000a4   0x000000a4   0x00000012   Code   RO            1    i.Delay             code_def.o
    0x000000b6   0x000000b6   0x0000000a   Code   RO            2    i.ReadUART          code_def.o
    0x000000c0   0x000000c0   0x0000000a   Code   RO            3    i.ReadUARTState     code_def.o
    0x000000ca   0x000000ca   0x00000008   Code   RO            4    i.SetWaterLightMode  code_def.o
    0x000000d2   0x000000d2   0x00000008   Code   RO            5    i.SetWaterLightSpeed  code_def.o
    0x000000da   0x000000da   0x00000002   PAD
    0x000000dc   0x000000dc   0x0000002c   Code   RO            6    i.UARTHandle        code_def.o
    0x00000108   0x00000108   0x0000001c   Code   RO            7    i.UARTString        code_def.o
    0x00000124   0x00000124   0x00000016   Code   RO            8    i.WriteUART         code_def.o
    0x0000013a   0x0000013a   0x0000000e   Code   RO          111    i.__scatterload_copy  mc_p.l(handlers.o)
    0x00000148   0x00000148   0x00000002   Code   RO          112    i.__scatterload_null  mc_p.l(handlers.o)
    0x0000014a   0x0000014a   0x0000000e   Code   RO          113    i.__scatterload_zeroinit  mc_p.l(handlers.o)
    0x00000158   0x00000158   0x00000148   Code   RO           66    i.main              main.o
    0x000002a0   0x000002a0   0x00000010   Data   RO          109    Region$$Table       anon$$obj.o


    Execution Region RW_IRAM1 (Exec base: 0x20000000, Load base: 0x000002b0, Size: 0x00000400, Max: 0x00010000, ABSOLUTE)

    Exec Addr    Load Addr    Size         Type   Attr      Idx    E Section Name        Object

    0x20000000        -       0x00000400   Zero   RW           78    STACK               startup_cmsdk_cm0.o


==============================================================================

Image component sizes


      Code (inc. data)   RO Data    RW Data    ZI Data      Debug   Object Name

       148         16          0          0          0       5042   code_def.o
       328        234          0          0          0        503   main.o
        20          4         68          0       1024        420   startup_cmsdk_cm0.o

    ----------------------------------------------------------------------
       498        254         84          0       1024       5965   Object Totals
         0          0         16          0          0          0   (incl. Generated)
         2          0          0          0          0          0   (incl. Padding)

    ----------------------------------------------------------------------

      Code (inc. data)   RO Data    RW Data    ZI Data      Debug   Library Member Name

         0          0          0          0          0          0   entry.o
         0          0          0          0          0          0   entry10a.o
         0          0          0          0          0          0   entry11a.o
         4          0          0          0          0          0   entry12b.o
         8          4          0          0          0          0   entry2.o
         4          0          0          0          0          0   entry5.o
         0          0          0          0          0          0   entry7b.o
         0          0          0          0          0          0   entry8b.o
         8          4          0          0          0          0   entry9a.o
        30          0          0          0          0          0   handlers.o
        36          8          0          0          0         68   init.o
        14          0          0          0          0         60   strlen.o

    ----------------------------------------------------------------------
       106         16          0          0          0        128   Library Totals
         2          0          0          0          0          0   (incl. Padding)

    ----------------------------------------------------------------------

      Code (inc. data)   RO Data    RW Data    ZI Data      Debug   Library Name

       104         16          0          0          0        128   mc_p.l

    ----------------------------------------------------------------------
       106         16          0          0          0        128   Library Totals

    ----------------------------------------------------------------------

==============================================================================


      Code (inc. data)   RO Data    RW Data    ZI Data      Debug   

       604        270         84          0       1024       5981   Grand Totals
       604        270         84          0       1024       5981   ELF Image Totals
       604        270         84          0          0          0   ROM Totals

==============================================================================

    Total RO  Size (Code + RO Data)                  688 (   0.67kB)
    Total RW  Size (RW Data + ZI Data)              1024 (   1.00kB)
    Total ROM Size (Code + RO Data + RW Data)        688 (   0.67kB)

==============================================================================

