<!doctype html public "-//w3c//dtd html 4.0 transitional//en">
<html><head>
<title>Static Call Graph - [.\code.axf]</title></head>
<body><HR>
<H1>Static Call Graph for image .\code.axf</H1><HR>
<BR><P>#&#060CALLGRAPH&#062# ARM Linker, 5060960: Last Updated: Sat Apr 02 21:43:45 2022
<BR><P>
<H3>Maximum Stack Usage =          0 bytes + Unknown(Untraceable Function Pointers)</H3><H3>
Call chain for Maximum Stack Depth:</H3>

<P>
<H3>
Function Pointers
</H3><UL>
 <LI><a href="#[1]">KEY_Handler</a> from startup_cmsdk_cm0.o(.text) referenced from startup_cmsdk_cm0.o(RESET)
 <LI><a href="#[3]">Reset_Handler</a> from startup_cmsdk_cm0.o(.text) referenced from startup_cmsdk_cm0.o(RESET)
 <LI><a href="#[2]">__main</a> from main.o(i.__main) referenced from startup_cmsdk_cm0.o(.text)
</UL>
<P>
<H3>
Global Symbols
</H3>
<P><STRONG><a name="[3]"></a>Reset_Handler</STRONG> (Thumb, 8 bytes, Stack size 0 bytes, startup_cmsdk_cm0.o(.text))

<P><STRONG><a name="[1]"></a>KEY_Handler</STRONG> (Thumb, 8 bytes, Stack size 0 bytes, startup_cmsdk_cm0.o(.text))
<BR><BR>[Calls]<UL><LI><a href="#[4]">&gt;&gt;</a>&nbsp;&nbsp;&nbsp;KEY_ISR
</UL>
<BR>[Address Reference Count : 1]<UL><LI> startup_cmsdk_cm0.o(RESET)
</UL>
<P><STRONG><a name="[4]"></a>KEY_ISR</STRONG> (Thumb, 8 bytes, Stack size 0 bytes, keyboard.o(i.KEY_ISR))
<BR><BR>[Called By]<UL><LI><a href="#[1]">&gt;&gt;</a>&nbsp;&nbsp;&nbsp;KEY_Handler
</UL>

<P><STRONG><a name="[2]"></a>__main</STRONG> (Thumb, 82 bytes, Stack size 0 bytes, main.o(i.__main))
<BR>[Address Reference Count : 1]<UL><LI> startup_cmsdk_cm0.o(.text)
</UL><P>
<H3>
Local Symbols
</H3><P>
<H3>
Undefined Global Symbols
</H3><HR></body></html>
