Component: ARM Compiler 5.06 update 7 (build 960) Tool: armlink [4d3601]

==============================================================================

Section Cross References

    keyboard.o(i.KEY0) refers to code_def.o(i.SetWaterLightMode) for SetWaterLightMode
    keyboard.o(i.KEY1) refers to code_def.o(i.SetWaterLightMode) for SetWaterLightMode
    keyboard.o(i.KEY2) refers to code_def.o(i.SetWaterLightMode) for SetWaterLightMode
    keyboard.o(i.KEY3) refers to code_def.o(i.SetWaterLightMode) for SetWaterLightMode
    main.o(i.main) refers to code_def.o(i.SetWaterLightSpeed) for SetWaterLightSpeed
    startup_cmsdk_cm0.o(RESET) refers to startup_cmsdk_cm0.o(STACK) for __initial_sp
    startup_cmsdk_cm0.o(RESET) refers to startup_cmsdk_cm0.o(.text) for Reset_Handler
    startup_cmsdk_cm0.o(.text) refers to keyboard.o(i.KEY0) for KEY0
    startup_cmsdk_cm0.o(.text) refers to keyboard.o(i.KEY1) for KEY1
    startup_cmsdk_cm0.o(.text) refers to keyboard.o(i.KEY2) for KEY2
    startup_cmsdk_cm0.o(.text) refers to keyboard.o(i.KEY3) for KEY3
    startup_cmsdk_cm0.o(.text) refers to entry.o(.ARM.Collect$$$$00000000) for __main
    entry.o(.ARM.Collect$$$$00000000) refers (Special) to entry10a.o(.ARM.Collect$$$$0000000F) for __rt_final_cpp
    entry.o(.ARM.Collect$$$$00000000) refers (Special) to entry11a.o(.ARM.Collect$$$$00000011) for __rt_final_exit
    entry.o(.ARM.Collect$$$$00000000) refers (Special) to entry12b.o(.ARM.Collect$$$$0000000E) for __rt_lib_shutdown_fini
    entry.o(.ARM.Collect$$$$00000000) refers (Special) to entry7b.o(.ARM.Collect$$$$00000008) for _main_clock
    entry.o(.ARM.Collect$$$$00000000) refers (Special) to entry8b.o(.ARM.Collect$$$$0000000A) for _main_cpp_init
    entry.o(.ARM.Collect$$$$00000000) refers (Special) to entry9a.o(.ARM.Collect$$$$0000000B) for _main_init
    entry.o(.ARM.Collect$$$$00000000) refers (Special) to entry5.o(.ARM.Collect$$$$00000004) for _main_scatterload
    entry.o(.ARM.Collect$$$$00000000) refers (Special) to entry2.o(.ARM.Collect$$$$00000001) for _main_stk
    entry2.o(.ARM.Collect$$$$00000001) refers to entry2.o(.ARM.Collect$$$$00002712) for __lit__00000000
    entry2.o(.ARM.Collect$$$$00002712) refers to startup_cmsdk_cm0.o(STACK) for __initial_sp
    entry2.o(__vectab_stack_and_reset_area) refers to startup_cmsdk_cm0.o(STACK) for __initial_sp
    entry2.o(__vectab_stack_and_reset_area) refers to entry.o(.ARM.Collect$$$$00000000) for __main
    entry5.o(.ARM.Collect$$$$00000004) refers to init.o(.text) for __scatterload
    entry9a.o(.ARM.Collect$$$$0000000B) refers to main.o(i.main) for main
    entry9b.o(.ARM.Collect$$$$0000000C) refers to main.o(i.main) for main
    init.o(.text) refers to entry5.o(.ARM.Collect$$$$00000004) for __main_after_scatterload


==============================================================================

Removing Unused input sections from the image.

    Removing keyboard.o(.data), (16 bytes).
    Removing startup_cmsdk_cm0.o(HEAP), (1024 bytes).

2 unused section(s) (total 1040 bytes) removed from the image.

==============================================================================

Image Symbol Table

    Local Symbols

    Symbol Name                              Value     Ov Type        Size  Object(Section)

    RESET                                    0x00000000   Section       80  startup_cmsdk_cm0.o(RESET)
    ../clib/microlib/init/entry.s            0x00000000   Number         0  entry12b.o ABSOLUTE
    ../clib/microlib/init/entry.s            0x00000000   Number         0  entry12a.o ABSOLUTE
    ../clib/microlib/init/entry.s            0x00000000   Number         0  entry11b.o ABSOLUTE
    ../clib/microlib/init/entry.s            0x00000000   Number         0  entry11a.o ABSOLUTE
    ../clib/microlib/init/entry.s            0x00000000   Number         0  entry10b.o ABSOLUTE
    ../clib/microlib/init/entry.s            0x00000000   Number         0  entry10a.o ABSOLUTE
    ../clib/microlib/init/entry.s            0x00000000   Number         0  entry9b.o ABSOLUTE
    ../clib/microlib/init/entry.s            0x00000000   Number         0  entry9a.o ABSOLUTE
    ../clib/microlib/init/entry.s            0x00000000   Number         0  entry.o ABSOLUTE
    ../clib/microlib/init/entry.s            0x00000000   Number         0  entry2.o ABSOLUTE
    ../clib/microlib/init/entry.s            0x00000000   Number         0  entry7a.o ABSOLUTE
    ../clib/microlib/init/entry.s            0x00000000   Number         0  entry8b.o ABSOLUTE
    ../clib/microlib/init/entry.s            0x00000000   Number         0  entry8a.o ABSOLUTE
    ../clib/microlib/init/entry.s            0x00000000   Number         0  entry5.o ABSOLUTE
    ../clib/microlib/init/entry.s            0x00000000   Number         0  entry7b.o ABSOLUTE
    ..\keil_src\code_def.c                   0x00000000   Number         0  code_def.o ABSOLUTE
    ..\keil_src\keyboard.c                   0x00000000   Number         0  keyboard.o ABSOLUTE
    ..\keil_src\main.c                       0x00000000   Number         0  main.o ABSOLUTE
    ..\keil_src\startup_CMSDK_CM0.s          0x00000000   Number         0  startup_cmsdk_cm0.o ABSOLUTE
    dc.s                                     0x00000000   Number         0  dc.o ABSOLUTE
    handlers.s                               0x00000000   Number         0  handlers.o ABSOLUTE
    init.s                                   0x00000000   Number         0  init.o ABSOLUTE
    .ARM.Collect$$$$00000000                 0x00000050   Section        0  entry.o(.ARM.Collect$$$$00000000)
    .ARM.Collect$$$$00000001                 0x00000050   Section        4  entry2.o(.ARM.Collect$$$$00000001)
    .ARM.Collect$$$$00000004                 0x00000054   Section        4  entry5.o(.ARM.Collect$$$$00000004)
    .ARM.Collect$$$$00000008                 0x00000058   Section        0  entry7b.o(.ARM.Collect$$$$00000008)
    .ARM.Collect$$$$0000000A                 0x00000058   Section        0  entry8b.o(.ARM.Collect$$$$0000000A)
    .ARM.Collect$$$$0000000B                 0x00000058   Section        8  entry9a.o(.ARM.Collect$$$$0000000B)
    .ARM.Collect$$$$0000000E                 0x00000060   Section        4  entry12b.o(.ARM.Collect$$$$0000000E)
    .ARM.Collect$$$$0000000F                 0x00000064   Section        0  entry10a.o(.ARM.Collect$$$$0000000F)
    .ARM.Collect$$$$00000011                 0x00000064   Section        0  entry11a.o(.ARM.Collect$$$$00000011)
    .ARM.Collect$$$$00002712                 0x00000064   Section        4  entry2.o(.ARM.Collect$$$$00002712)
    __lit__00000000                          0x00000064   Data           4  entry2.o(.ARM.Collect$$$$00002712)
    .text                                    0x00000068   Section       44  startup_cmsdk_cm0.o(.text)
    .text                                    0x00000094   Section       36  init.o(.text)
    i.KEY0                                   0x000000b8   Section        0  keyboard.o(i.KEY0)
    i.KEY1                                   0x000000c2   Section        0  keyboard.o(i.KEY1)
    i.KEY2                                   0x000000cc   Section        0  keyboard.o(i.KEY2)
    i.KEY3                                   0x000000d6   Section        0  keyboard.o(i.KEY3)
    i.SetWaterLightMode                      0x000000e0   Section        0  code_def.o(i.SetWaterLightMode)
    i.SetWaterLightSpeed                     0x000000e8   Section        0  code_def.o(i.SetWaterLightSpeed)
    i.__scatterload_copy                     0x000000f0   Section       14  handlers.o(i.__scatterload_copy)
    i.__scatterload_null                     0x000000fe   Section        2  handlers.o(i.__scatterload_null)
    i.__scatterload_zeroinit                 0x00000100   Section       14  handlers.o(i.__scatterload_zeroinit)
    i.main                                   0x00000110   Section        0  main.o(i.main)
    STACK                                    0x20000000   Section     1024  startup_cmsdk_cm0.o(STACK)

    Global Symbols

    Symbol Name                              Value     Ov Type        Size  Object(Section)

    BuildAttributes$$THM_ISAv3M$S$PE$A:L22$X:L11$S22$IEEE1$IW$USESV6$~STKCKD$USESV7$~SHL$OSPACE$EBA8$MICROLIB$REQ8$PRES8$EABIv2 0x00000000   Number         0  anon$$obj.o ABSOLUTE
    __ARM_use_no_argv                        0x00000000   Number         0  main.o ABSOLUTE
    __Vectors                                0x00000000   Data           4  startup_cmsdk_cm0.o(RESET)
    __arm_fini_                               - Undefined Weak Reference
    __cpp_initialize__aeabi_                  - Undefined Weak Reference
    __cxa_finalize                            - Undefined Weak Reference
    __decompress                              - Undefined Weak Reference
    _clock_init                               - Undefined Weak Reference
    _microlib_exit                            - Undefined Weak Reference
    __main                                   0x00000051   Thumb Code     0  entry.o(.ARM.Collect$$$$00000000)
    _main_stk                                0x00000051   Thumb Code     0  entry2.o(.ARM.Collect$$$$00000001)
    _main_scatterload                        0x00000055   Thumb Code     0  entry5.o(.ARM.Collect$$$$00000004)
    __main_after_scatterload                 0x00000059   Thumb Code     0  entry5.o(.ARM.Collect$$$$00000004)
    _main_clock                              0x00000059   Thumb Code     0  entry7b.o(.ARM.Collect$$$$00000008)
    _main_cpp_init                           0x00000059   Thumb Code     0  entry8b.o(.ARM.Collect$$$$0000000A)
    _main_init                               0x00000059   Thumb Code     0  entry9a.o(.ARM.Collect$$$$0000000B)
    __rt_lib_shutdown_fini                   0x00000061   Thumb Code     0  entry12b.o(.ARM.Collect$$$$0000000E)
    __rt_final_cpp                           0x00000065   Thumb Code     0  entry10a.o(.ARM.Collect$$$$0000000F)
    __rt_final_exit                          0x00000065   Thumb Code     0  entry11a.o(.ARM.Collect$$$$00000011)
    Reset_Handler                            0x00000069   Thumb Code     8  startup_cmsdk_cm0.o(.text)
    KEY0_Handler                             0x00000071   Thumb Code     8  startup_cmsdk_cm0.o(.text)
    KEY1_Handler                             0x00000079   Thumb Code     8  startup_cmsdk_cm0.o(.text)
    KEY2_Handler                             0x00000081   Thumb Code     8  startup_cmsdk_cm0.o(.text)
    KEY3_Handler                             0x00000089   Thumb Code     8  startup_cmsdk_cm0.o(.text)
    __scatterload                            0x00000095   Thumb Code    28  init.o(.text)
    __scatterload_rt2                        0x00000095   Thumb Code     0  init.o(.text)
    KEY0                                     0x000000b9   Thumb Code    10  keyboard.o(i.KEY0)
    KEY1                                     0x000000c3   Thumb Code    10  keyboard.o(i.KEY1)
    KEY2                                     0x000000cd   Thumb Code    10  keyboard.o(i.KEY2)
    KEY3                                     0x000000d7   Thumb Code    10  keyboard.o(i.KEY3)
    SetWaterLightMode                        0x000000e1   Thumb Code     8  code_def.o(i.SetWaterLightMode)
    SetWaterLightSpeed                       0x000000e9   Thumb Code     8  code_def.o(i.SetWaterLightSpeed)
    __scatterload_copy                       0x000000f1   Thumb Code    14  handlers.o(i.__scatterload_copy)
    __scatterload_null                       0x000000ff   Thumb Code     2  handlers.o(i.__scatterload_null)
    __scatterload_zeroinit                   0x00000101   Thumb Code    14  handlers.o(i.__scatterload_zeroinit)
    main                                     0x00000111   Thumb Code    16  main.o(i.main)
    Region$$Table$$Base                      0x00000128   Number         0  anon$$obj.o(Region$$Table)
    Region$$Table$$Limit                     0x00000138   Number         0  anon$$obj.o(Region$$Table)
    __initial_sp                             0x20000400   Data           0  startup_cmsdk_cm0.o(STACK)



==============================================================================

Memory Map of the image

  Image entry point : Not specified.

  Load Region LR_IROM1 (Base: 0x00000000, Size: 0x00000138, Max: 0x00010000, ABSOLUTE)

    Execution Region ER_IROM1 (Exec base: 0x00000000, Load base: 0x00000000, Size: 0x00000138, Max: 0x00010000, ABSOLUTE)

    Exec Addr    Load Addr    Size         Type   Attr      Idx    E Section Name        Object

    0x00000000   0x00000000   0x00000050   Data   RO           77    RESET               startup_cmsdk_cm0.o
    0x00000050   0x00000050   0x00000000   Code   RO           83  * .ARM.Collect$$$$00000000  mc_p.l(entry.o)
    0x00000050   0x00000050   0x00000004   Code   RO           86    .ARM.Collect$$$$00000001  mc_p.l(entry2.o)
    0x00000054   0x00000054   0x00000004   Code   RO           89    .ARM.Collect$$$$00000004  mc_p.l(entry5.o)
    0x00000058   0x00000058   0x00000000   Code   RO           91    .ARM.Collect$$$$00000008  mc_p.l(entry7b.o)
    0x00000058   0x00000058   0x00000000   Code   RO           93    .ARM.Collect$$$$0000000A  mc_p.l(entry8b.o)
    0x00000058   0x00000058   0x00000008   Code   RO           94    .ARM.Collect$$$$0000000B  mc_p.l(entry9a.o)
    0x00000060   0x00000060   0x00000004   Code   RO          101    .ARM.Collect$$$$0000000E  mc_p.l(entry12b.o)
    0x00000064   0x00000064   0x00000000   Code   RO           96    .ARM.Collect$$$$0000000F  mc_p.l(entry10a.o)
    0x00000064   0x00000064   0x00000000   Code   RO           98    .ARM.Collect$$$$00000011  mc_p.l(entry11a.o)
    0x00000064   0x00000064   0x00000004   Code   RO           87    .ARM.Collect$$$$00002712  mc_p.l(entry2.o)
    0x00000068   0x00000068   0x0000002c   Code   RO           78  * .text               startup_cmsdk_cm0.o
    0x00000094   0x00000094   0x00000024   Code   RO          102    .text               mc_p.l(init.o)
    0x000000b8   0x000000b8   0x0000000a   Code   RO           30    i.KEY0              keyboard.o
    0x000000c2   0x000000c2   0x0000000a   Code   RO           31    i.KEY1              keyboard.o
    0x000000cc   0x000000cc   0x0000000a   Code   RO           32    i.KEY2              keyboard.o
    0x000000d6   0x000000d6   0x0000000a   Code   RO           33    i.KEY3              keyboard.o
    0x000000e0   0x000000e0   0x00000008   Code   RO            1    i.SetWaterLightMode  code_def.o
    0x000000e8   0x000000e8   0x00000008   Code   RO            2    i.SetWaterLightSpeed  code_def.o
    0x000000f0   0x000000f0   0x0000000e   Code   RO          106    i.__scatterload_copy  mc_p.l(handlers.o)
    0x000000fe   0x000000fe   0x00000002   Code   RO          107    i.__scatterload_null  mc_p.l(handlers.o)
    0x00000100   0x00000100   0x0000000e   Code   RO          108    i.__scatterload_zeroinit  mc_p.l(handlers.o)
    0x0000010e   0x0000010e   0x00000002   PAD
    0x00000110   0x00000110   0x00000018   Code   RO           63    i.main              main.o
    0x00000128   0x00000128   0x00000010   Data   RO          104    Region$$Table       anon$$obj.o


    Execution Region RW_IRAM1 (Exec base: 0x20000000, Load base: 0x00000138, Size: 0x00000400, Max: 0x00010000, ABSOLUTE)

    Exec Addr    Load Addr    Size         Type   Attr      Idx    E Section Name        Object

    0x20000000        -       0x00000400   Zero   RW           75    STACK               startup_cmsdk_cm0.o


==============================================================================

Image component sizes


      Code (inc. data)   RO Data    RW Data    ZI Data      Debug   Object Name

        16          0          0          0          0       2309   code_def.o
        40          0          0          0          0       1548   keyboard.o
        24          8          0          0          0        395   main.o
        44          4         80          0       1024        540   startup_cmsdk_cm0.o

    ----------------------------------------------------------------------
       124         12         96          0       1024       4792   Object Totals
         0          0         16          0          0          0   (incl. Generated)
         0          0          0          0          0          0   (incl. Padding)

    ----------------------------------------------------------------------

      Code (inc. data)   RO Data    RW Data    ZI Data      Debug   Library Member Name

         0          0          0          0          0          0   entry.o
         0          0          0          0          0          0   entry10a.o
         0          0          0          0          0          0   entry11a.o
         4          0          0          0          0          0   entry12b.o
         8          4          0          0          0          0   entry2.o
         4          0          0          0          0          0   entry5.o
         0          0          0          0          0          0   entry7b.o
         0          0          0          0          0          0   entry8b.o
         8          4          0          0          0          0   entry9a.o
        30          0          0          0          0          0   handlers.o
        36          8          0          0          0         68   init.o

    ----------------------------------------------------------------------
        92         16          0          0          0         68   Library Totals
         2          0          0          0          0          0   (incl. Padding)

    ----------------------------------------------------------------------

      Code (inc. data)   RO Data    RW Data    ZI Data      Debug   Library Name

        90         16          0          0          0         68   mc_p.l

    ----------------------------------------------------------------------
        92         16          0          0          0         68   Library Totals

    ----------------------------------------------------------------------

==============================================================================


      Code (inc. data)   RO Data    RW Data    ZI Data      Debug   

       216         28         96          0       1024       4792   Grand Totals
       216         28         96          0       1024       4792   ELF Image Totals
       216         28         96          0          0          0   ROM Totals

==============================================================================

    Total RO  Size (Code + RO Data)                  312 (   0.30kB)
    Total RW  Size (RW Data + ZI Data)              1024 (   1.00kB)
    Total ROM Size (Code + RO Data + RW Data)        312 (   0.30kB)

==============================================================================

