Component: ARM Compiler 5.06 update 7 (build 960) Tool: armlink [4d3601]

==============================================================================

Section Cross References

    code_def.o(i.Delay) refers to systick.o(i.Set_SysTick_CTRL) for Set_SysTick_CTRL
    code_def.o(i.Delay) refers to systick.o(i.Set_SysTick_LOAD) for Set_SysTick_LOAD
    code_def.o(i.Delay) refers to systick.o(i.Set_SysTick_VALUE) for Set_SysTick_VALUE
    code_def.o(i.LCD_INI_FINISH) refers to code_def.o(.data) for LCD_ini_finish
    code_def.o(i.SYSInit) refers to systick.o(i.Set_SysTick_CTRL) for Set_SysTick_CTRL
    lcd.o(i.LCD_Clear) refers to lcd.o(i.LCD_SetCursor) for LCD_SetCursor
    lcd.o(i.LCD_Clear) refers to lcd.o(i.LCD_WriteRAM_Prepare) for LCD_WriteRAM_Prepare
    lcd.o(i.LCD_Clear) refers to lcd.o(i.LCD_WR_DATA) for LCD_WR_DATA
    lcd.o(i.LCD_Clear) refers to lcd.o(.bss) for lcddev
    lcd.o(i.LCD_Color_Fill) refers to lcd.o(i.LCD_SetCursor) for LCD_SetCursor
    lcd.o(i.LCD_Color_Fill) refers to lcd.o(i.LCD_WriteRAM_Prepare) for LCD_WriteRAM_Prepare
    lcd.o(i.LCD_Color_Fill) refers to lcd.o(i.LCD_WR_DATA) for LCD_WR_DATA
    lcd.o(i.LCD_DisplayOff) refers to lcd.o(i.LCD_WR_REG) for LCD_WR_REG
    lcd.o(i.LCD_DisplayOn) refers to lcd.o(i.LCD_WR_REG) for LCD_WR_REG
    lcd.o(i.LCD_Display_Dir) refers to lcd.o(.bss) for lcddev
    lcd.o(i.LCD_DrawLine) refers to lcd.o(i.LCD_DrawPoint) for LCD_DrawPoint
    lcd.o(i.LCD_DrawPoint) refers to lcd.o(i.LCD_SetCursor) for LCD_SetCursor
    lcd.o(i.LCD_DrawPoint) refers to lcd.o(i.LCD_WriteRAM_Prepare) for LCD_WriteRAM_Prepare
    lcd.o(i.LCD_DrawPoint) refers to lcd.o(i.LCD_WR_DATA) for LCD_WR_DATA
    lcd.o(i.LCD_DrawPoint) refers to lcd.o(.data) for POINT_COLOR
    lcd.o(i.LCD_Fast_DrawPoint) refers to lcd.o(i.LCD_WR_REG) for LCD_WR_REG
    lcd.o(i.LCD_Fast_DrawPoint) refers to lcd.o(i.LCD_WR_DATA) for LCD_WR_DATA
    lcd.o(i.LCD_Fast_DrawPoint) refers to lcd.o(i.MakeData) for MakeData
    lcd.o(i.LCD_Fast_DrawPoint) refers to lcd.o(.bss) for lcddev
    lcd.o(i.LCD_Fill) refers to lcd.o(i.LCD_SetCursor) for LCD_SetCursor
    lcd.o(i.LCD_Fill) refers to lcd.o(i.LCD_WriteRAM_Prepare) for LCD_WriteRAM_Prepare
    lcd.o(i.LCD_Fill) refers to lcd.o(i.LCD_WR_DATA) for LCD_WR_DATA
    lcd.o(i.LCD_RD_DATA) refers to lcd.o(i.ReadData) for ReadData
    lcd.o(i.LCD_ReadReg) refers to lcd.o(i.LCD_WR_REG) for LCD_WR_REG
    lcd.o(i.LCD_ReadReg) refers to lcd.o(i.LCD_RD_DATA) for LCD_RD_DATA
    lcd.o(i.LCD_Scan_Dir) refers to lcd.o(i.__ARM_common_switch8) for __ARM_common_switch8
    lcd.o(i.LCD_Scan_Dir) refers to lcd.o(i.LCD_WriteReg) for LCD_WriteReg
    lcd.o(i.LCD_Scan_Dir) refers to lcd.o(i.LCD_WR_REG) for LCD_WR_REG
    lcd.o(i.LCD_Scan_Dir) refers to lcd.o(i.LCD_WR_DATA) for LCD_WR_DATA
    lcd.o(i.LCD_Scan_Dir) refers to lcd.o(.bss) for lcddev
    lcd.o(i.LCD_SetCursor) refers to lcd.o(i.LCD_WR_REG) for LCD_WR_REG
    lcd.o(i.LCD_SetCursor) refers to lcd.o(i.LCD_WR_DATA) for LCD_WR_DATA
    lcd.o(i.LCD_Set_Window) refers to lcd.o(i.LCD_WR_REG) for LCD_WR_REG
    lcd.o(i.LCD_Set_Window) refers to lcd.o(i.LCD_WR_DATA) for LCD_WR_DATA
    lcd.o(i.LCD_Set_Window) refers to lcd.o(.bss) for lcddev
    lcd.o(i.LCD_ShowChar) refers to lcd.o(i.LCD_Fast_DrawPoint) for LCD_Fast_DrawPoint
    lcd.o(i.LCD_ShowChar) refers to lcd.o(.constdata) for asc2_1206
    lcd.o(i.LCD_ShowChar) refers to lcd.o(.data) for POINT_COLOR
    lcd.o(i.LCD_ShowChar) refers to lcd.o(.bss) for lcddev
    lcd.o(i.LCD_ShowNum) refers to lcd.o(i.LCD_Pow) for LCD_Pow
    lcd.o(i.LCD_ShowNum) refers to aeabi_sdiv.o(.text) for __aeabi_uidivmod
    lcd.o(i.LCD_ShowNum) refers to lcd.o(i.LCD_ShowChar) for LCD_ShowChar
    lcd.o(i.LCD_ShowString) refers to lcd.o(i.LCD_ShowChar) for LCD_ShowChar
    lcd.o(i.LCD_ShowxNum) refers to lcd.o(i.LCD_Pow) for LCD_Pow
    lcd.o(i.LCD_ShowxNum) refers to aeabi_sdiv.o(.text) for __aeabi_uidivmod
    lcd.o(i.LCD_ShowxNum) refers to lcd.o(i.LCD_ShowChar) for LCD_ShowChar
    lcd.o(i.LCD_WR_DATA) refers to lcd.o(i.MakeData) for MakeData
    lcd.o(i.LCD_WR_REG) refers to lcd.o(i.MakeData) for MakeData
    lcd.o(i.LCD_WriteRAM) refers to lcd.o(i.LCD_WR_DATA) for LCD_WR_DATA
    lcd.o(i.LCD_WriteRAM_Prepare) refers to lcd.o(i.LCD_WR_REG) for LCD_WR_REG
    lcd.o(i.LCD_WriteReg) refers to lcd.o(i.LCD_WR_REG) for LCD_WR_REG
    lcd.o(i.LCD_WriteReg) refers to lcd.o(i.LCD_WR_DATA) for LCD_WR_DATA
    main.o(i.BEAT) refers to main.o(.data) for Beat_flag
    main.o(i.KEY) refers to code_def.o(i.StartBGM) for StartBGM
    main.o(i.KEY) refers to code_def.o(i.StopBGM) for StopBGM
    main.o(i.KEY) refers to code_def.o(i.PlayBGM) for PlayBGM
    main.o(i.KEY) refers to code_def.o(i.ResetBGM) for ResetBGM
    main.o(i.KEY) refers to main.o(.data) for isPlaying
    main.o(i.PlayCol) refers to rt_memclr.o(.text) for __aeabi_memclr4
    main.o(i.PlayCol) refers to main.o(i.drawCol) for drawCol
    main.o(i.PlayCol) refers to main.o(.data) for Beat_flag
    main.o(i.PlayCol) refers to main.o(.constdata) for colorTab
    main.o(i.drawCol) refers to lcd.o(i.LCD_Fill) for LCD_Fill
    main.o(i.drawCol) refers to aeabi_sdiv.o(.text) for __aeabi_uidivmod
    main.o(i.main) refers to code_def.o(i.SYSInit) for SYSInit
    main.o(i.main) refers to lcd.o(i.LCD_Init) for LCD_Init
    main.o(i.main) refers to main.o(i.PlayCol) for PlayCol
    main.o(i.main) refers to main.o(.data) for isPlaying
    main.o(i.main) refers to code_def.o(.data) for LCD_ini_finish
    startup_cmsdk_cm0.o(STACK) refers (Special) to heapauxi.o(.text) for __use_two_region_memory
    startup_cmsdk_cm0.o(HEAP) refers (Special) to heapauxi.o(.text) for __use_two_region_memory
    startup_cmsdk_cm0.o(RESET) refers (Special) to heapauxi.o(.text) for __use_two_region_memory
    startup_cmsdk_cm0.o(RESET) refers to startup_cmsdk_cm0.o(STACK) for __initial_sp
    startup_cmsdk_cm0.o(RESET) refers to startup_cmsdk_cm0.o(.text) for Reset_Handler
    startup_cmsdk_cm0.o(.text) refers (Special) to heapauxi.o(.text) for __use_two_region_memory
    startup_cmsdk_cm0.o(.text) refers to systick.o(i.SysTickHandler) for SysTickHandler
    startup_cmsdk_cm0.o(.text) refers to main.o(i.KEY) for KEY
    startup_cmsdk_cm0.o(.text) refers to code_def.o(i.LCD_INI_FINISH) for LCD_INI_FINISH
    startup_cmsdk_cm0.o(.text) refers to main.o(i.BEAT) for BEAT
    startup_cmsdk_cm0.o(.text) refers to __main.o(!!!main) for __main
    startup_cmsdk_cm0.o(.text) refers to startup_cmsdk_cm0.o(HEAP) for Heap_Mem
    startup_cmsdk_cm0.o(.text) refers to startup_cmsdk_cm0.o(STACK) for Stack_Mem
    systick.o(i.SysTickHandler) refers to systick.o(i.Set_SysTick_CTRL) for Set_SysTick_CTRL
    __main.o(!!!main) refers to __rtentry.o(.ARM.Collect$$rtentry$$00000000) for __rt_entry
    __rtentry.o(.ARM.Collect$$rtentry$$00000000) refers (Special) to __rtentry2.o(.ARM.Collect$$rtentry$$0000000A) for __rt_entry_li
    __rtentry.o(.ARM.Collect$$rtentry$$00000000) refers (Special) to __rtentry2.o(.ARM.Collect$$rtentry$$0000000D) for __rt_entry_main
    __rtentry.o(.ARM.Collect$$rtentry$$00000000) refers (Special) to __rtentry2.o(.ARM.Collect$$rtentry$$0000000C) for __rt_entry_postli_1
    __rtentry.o(.ARM.Collect$$rtentry$$00000000) refers (Special) to __rtentry2.o(.ARM.Collect$$rtentry$$00000009) for __rt_entry_postsh_1
    __rtentry.o(.ARM.Collect$$rtentry$$00000000) refers (Special) to __rtentry2.o(.ARM.Collect$$rtentry$$00000002) for __rt_entry_presh_1
    __rtentry.o(.ARM.Collect$$rtentry$$00000000) refers (Special) to __rtentry4.o(.ARM.Collect$$rtentry$$00000004) for __rt_entry_sh
    aeabi_idiv0_sigfpe.o(.text) refers to rt_div0.o(.text) for __rt_div0
    __rtentry2.o(.ARM.Collect$$rtentry$$00000008) refers to boardinit2.o(.text) for _platform_post_stackheap_init
    __rtentry2.o(.ARM.Collect$$rtentry$$0000000A) refers to libinit.o(.ARM.Collect$$libinit$$00000000) for __rt_lib_init
    __rtentry2.o(.ARM.Collect$$rtentry$$0000000B) refers to boardinit3.o(.text) for _platform_post_lib_init
    __rtentry2.o(.ARM.Collect$$rtentry$$0000000D) refers to main.o(i.main) for main
    __rtentry2.o(.ARM.Collect$$rtentry$$0000000D) refers to exit.o(.text) for exit
    __rtentry2.o(.ARM.exidx) refers to __rtentry2.o(.ARM.Collect$$rtentry$$00000001) for .ARM.Collect$$rtentry$$00000001
    __rtentry2.o(.ARM.exidx) refers to __rtentry2.o(.ARM.Collect$$rtentry$$00000008) for .ARM.Collect$$rtentry$$00000008
    __rtentry2.o(.ARM.exidx) refers to __rtentry2.o(.ARM.Collect$$rtentry$$0000000A) for .ARM.Collect$$rtentry$$0000000A
    __rtentry2.o(.ARM.exidx) refers to __rtentry2.o(.ARM.Collect$$rtentry$$0000000B) for .ARM.Collect$$rtentry$$0000000B
    __rtentry2.o(.ARM.exidx) refers to __rtentry2.o(.ARM.Collect$$rtentry$$0000000D) for .ARM.Collect$$rtentry$$0000000D
    __rtentry4.o(.ARM.Collect$$rtentry$$00000004) refers to sys_stackheap_outer.o(.text) for __user_setup_stackheap
    __rtentry4.o(.ARM.exidx) refers to __rtentry4.o(.ARM.Collect$$rtentry$$00000004) for .ARM.Collect$$rtentry$$00000004
    rt_div0.o(.text) refers to defsig_fpe_outer.o(.text) for __rt_SIGFPE
    sys_stackheap_outer.o(.text) refers to libspace.o(.text) for __user_perproc_libspace
    sys_stackheap_outer.o(.text) refers to startup_cmsdk_cm0.o(.text) for __user_initial_stackheap
    sys_stackheap_outer.o(__vectab_stack_and_reset_area) refers to tempstk.o(.text) for __temporary_stack_top
    sys_stackheap_outer.o(__vectab_stack_and_reset_area) refers to __main.o(!!!main) for __main
    exit.o(.text) refers to rtexit.o(.ARM.Collect$$rtexit$$00000000) for __rt_exit
    defsig_fpe_outer.o(.text) refers to defsig_fpe_inner.o(.text) for __rt_SIGFPE_inner
    defsig_fpe_outer.o(.text) refers to defsig_exit.o(.text) for __sig_exit
    defsig_fpe_formal.o(.text) refers to rt_raise.o(.text) for __rt_raise
    libinit.o(.ARM.Collect$$libinit$$00000000) refers (Special) to libinit2.o(.ARM.Collect$$libinit$$0000002E) for __rt_lib_init_alloca_1
    libinit.o(.ARM.Collect$$libinit$$00000000) refers (Special) to libinit2.o(.ARM.Collect$$libinit$$0000002C) for __rt_lib_init_argv_1
    libinit.o(.ARM.Collect$$libinit$$00000000) refers (Special) to libinit2.o(.ARM.Collect$$libinit$$0000001B) for __rt_lib_init_atexit_1
    libinit.o(.ARM.Collect$$libinit$$00000000) refers (Special) to libinit2.o(.ARM.Collect$$libinit$$00000021) for __rt_lib_init_clock_1
    libinit.o(.ARM.Collect$$libinit$$00000000) refers (Special) to libinit2.o(.ARM.Collect$$libinit$$00000032) for __rt_lib_init_cpp_1
    libinit.o(.ARM.Collect$$libinit$$00000000) refers (Special) to libinit2.o(.ARM.Collect$$libinit$$00000030) for __rt_lib_init_exceptions_1
    libinit.o(.ARM.Collect$$libinit$$00000000) refers (Special) to libinit2.o(.ARM.Collect$$libinit$$00000002) for __rt_lib_init_fp_1
    libinit.o(.ARM.Collect$$libinit$$00000000) refers (Special) to libinit2.o(.ARM.Collect$$libinit$$0000001F) for __rt_lib_init_fp_trap_1
    libinit.o(.ARM.Collect$$libinit$$00000000) refers (Special) to libinit2.o(.ARM.Collect$$libinit$$00000023) for __rt_lib_init_getenv_1
    libinit.o(.ARM.Collect$$libinit$$00000000) refers (Special) to libinit2.o(.ARM.Collect$$libinit$$0000000A) for __rt_lib_init_heap_1
    libinit.o(.ARM.Collect$$libinit$$00000000) refers (Special) to libinit2.o(.ARM.Collect$$libinit$$00000011) for __rt_lib_init_lc_collate_1
    libinit.o(.ARM.Collect$$libinit$$00000000) refers (Special) to libinit2.o(.ARM.Collect$$libinit$$00000013) for __rt_lib_init_lc_ctype_1
    libinit.o(.ARM.Collect$$libinit$$00000000) refers (Special) to libinit2.o(.ARM.Collect$$libinit$$00000015) for __rt_lib_init_lc_monetary_1
    libinit.o(.ARM.Collect$$libinit$$00000000) refers (Special) to libinit2.o(.ARM.Collect$$libinit$$00000017) for __rt_lib_init_lc_numeric_1
    libinit.o(.ARM.Collect$$libinit$$00000000) refers (Special) to libinit2.o(.ARM.Collect$$libinit$$00000019) for __rt_lib_init_lc_time_1
    libinit.o(.ARM.Collect$$libinit$$00000000) refers (Special) to libinit2.o(.ARM.Collect$$libinit$$00000004) for __rt_lib_init_preinit_1
    libinit.o(.ARM.Collect$$libinit$$00000000) refers (Special) to libinit2.o(.ARM.Collect$$libinit$$0000000E) for __rt_lib_init_rand_1
    libinit.o(.ARM.Collect$$libinit$$00000000) refers (Special) to libinit2.o(.ARM.Collect$$libinit$$00000033) for __rt_lib_init_return
    libinit.o(.ARM.Collect$$libinit$$00000000) refers (Special) to libinit2.o(.ARM.Collect$$libinit$$0000001D) for __rt_lib_init_signal_1
    libinit.o(.ARM.Collect$$libinit$$00000000) refers (Special) to libinit2.o(.ARM.Collect$$libinit$$00000025) for __rt_lib_init_stdio_1
    libinit.o(.ARM.Collect$$libinit$$00000000) refers (Special) to libinit2.o(.ARM.Collect$$libinit$$0000000C) for __rt_lib_init_user_alloc_1
    libspace.o(.text) refers to libspace.o(.bss) for __libspace_start
    rtexit.o(.ARM.Collect$$rtexit$$00000000) refers (Special) to rtexit2.o(.ARM.Collect$$rtexit$$00000004) for __rt_exit_exit
    rtexit.o(.ARM.Collect$$rtexit$$00000000) refers (Special) to rtexit2.o(.ARM.Collect$$rtexit$$00000003) for __rt_exit_ls
    rtexit.o(.ARM.Collect$$rtexit$$00000000) refers (Special) to rtexit2.o(.ARM.Collect$$rtexit$$00000002) for __rt_exit_prels_1
    rtexit.o(.ARM.exidx) refers (Special) to rtexit2.o(.ARM.Collect$$rtexit$$00000004) for __rt_exit_exit
    rtexit.o(.ARM.exidx) refers (Special) to rtexit2.o(.ARM.Collect$$rtexit$$00000003) for __rt_exit_ls
    rtexit.o(.ARM.exidx) refers (Special) to rtexit2.o(.ARM.Collect$$rtexit$$00000002) for __rt_exit_prels_1
    rtexit.o(.ARM.exidx) refers to rtexit.o(.ARM.Collect$$rtexit$$00000000) for .ARM.Collect$$rtexit$$00000000
    rt_raise.o(.text) refers to __raise.o(.text) for __raise
    rt_raise.o(.text) refers to sys_exit.o(.text) for _sys_exit
    defsig_exit.o(.text) refers to sys_exit.o(.text) for _sys_exit
    defsig_fpe_inner.o(.text) refers to defsig_general.o(.text) for __default_signal_display
    libinit2.o(.ARM.Collect$$libinit$$00000010) refers to libinit2.o(.ARM.Collect$$libinit$$0000000F) for .ARM.Collect$$libinit$$0000000F
    libinit2.o(.ARM.Collect$$libinit$$00000012) refers to libinit2.o(.ARM.Collect$$libinit$$0000000F) for .ARM.Collect$$libinit$$0000000F
    libinit2.o(.ARM.Collect$$libinit$$00000014) refers to libinit2.o(.ARM.Collect$$libinit$$0000000F) for .ARM.Collect$$libinit$$0000000F
    libinit2.o(.ARM.Collect$$libinit$$00000016) refers to libinit2.o(.ARM.Collect$$libinit$$0000000F) for .ARM.Collect$$libinit$$0000000F
    libinit2.o(.ARM.Collect$$libinit$$00000018) refers to libinit2.o(.ARM.Collect$$libinit$$0000000F) for .ARM.Collect$$libinit$$0000000F
    libinit2.o(.ARM.Collect$$libinit$$00000026) refers to argv_veneer.o(.text) for __ARM_argv_veneer
    libinit2.o(.ARM.Collect$$libinit$$00000027) refers to argv_veneer.o(.text) for __ARM_argv_veneer
    sys_exit.o(.text) refers (Special) to use_no_semi.o(.text) for __I$use$semihosting
    sys_exit.o(.text) refers (Special) to indicate_semi.o(.text) for __semihosting_library_function
    rtexit2.o(.ARM.Collect$$rtexit$$00000003) refers to libshutdown.o(.ARM.Collect$$libshutdown$$00000000) for __rt_lib_shutdown
    rtexit2.o(.ARM.Collect$$rtexit$$00000004) refers to sys_exit.o(.text) for _sys_exit
    rtexit2.o(.ARM.exidx) refers to rtexit2.o(.ARM.Collect$$rtexit$$00000001) for .ARM.Collect$$rtexit$$00000001
    rtexit2.o(.ARM.exidx) refers to rtexit2.o(.ARM.Collect$$rtexit$$00000003) for .ARM.Collect$$rtexit$$00000003
    rtexit2.o(.ARM.exidx) refers to rtexit2.o(.ARM.Collect$$rtexit$$00000004) for .ARM.Collect$$rtexit$$00000004
    __raise.o(.text) refers to defsig.o(CL$$defsig) for __default_signal_handler
    defsig_general.o(.text) refers to sys_wrch.o(.text) for _ttywrch
    sys_wrch.o(.text) refers (Special) to use_no_semi.o(.text) for __I$use$semihosting
    sys_wrch.o(.text) refers (Special) to indicate_semi.o(.text) for __semihosting_library_function
    defsig.o(CL$$defsig) refers to defsig_fpe_inner.o(.text) for __rt_SIGFPE_inner
    defsig.o(CL$$defsig) refers to defsig_rtmem_inner.o(.text) for __rt_SIGRTMEM_inner
    _get_argv_nomalloc.o(.text) refers (Special) to hrguard.o(.text) for __heap_region$guard
    _get_argv_nomalloc.o(.text) refers to defsig_rtmem_outer.o(.text) for __rt_SIGRTMEM
    _get_argv_nomalloc.o(.text) refers to sys_command.o(.text) for _sys_command_string
    libshutdown.o(.ARM.Collect$$libshutdown$$00000000) refers (Special) to libshutdown2.o(.ARM.Collect$$libshutdown$$00000004) for __rt_lib_shutdown_cpp_1
    libshutdown.o(.ARM.Collect$$libshutdown$$00000000) refers (Special) to libshutdown2.o(.ARM.Collect$$libshutdown$$00000002) for __rt_lib_shutdown_fini_1
    libshutdown.o(.ARM.Collect$$libshutdown$$00000000) refers (Special) to libshutdown2.o(.ARM.Collect$$libshutdown$$00000009) for __rt_lib_shutdown_fp_trap_1
    libshutdown.o(.ARM.Collect$$libshutdown$$00000000) refers (Special) to libshutdown2.o(.ARM.Collect$$libshutdown$$00000011) for __rt_lib_shutdown_heap_1
    libshutdown.o(.ARM.Collect$$libshutdown$$00000000) refers (Special) to libshutdown2.o(.ARM.Collect$$libshutdown$$00000012) for __rt_lib_shutdown_return
    libshutdown.o(.ARM.Collect$$libshutdown$$00000000) refers (Special) to libshutdown2.o(.ARM.Collect$$libshutdown$$0000000C) for __rt_lib_shutdown_signal_1
    libshutdown.o(.ARM.Collect$$libshutdown$$00000000) refers (Special) to libshutdown2.o(.ARM.Collect$$libshutdown$$00000006) for __rt_lib_shutdown_stdio_1
    libshutdown.o(.ARM.Collect$$libshutdown$$00000000) refers (Special) to libshutdown2.o(.ARM.Collect$$libshutdown$$0000000E) for __rt_lib_shutdown_user_alloc_1
    sys_command.o(.text) refers (Special) to use_no_semi.o(.text) for __I$use$semihosting
    sys_command.o(.text) refers (Special) to indicate_semi.o(.text) for __semihosting_library_function
    defsig_abrt_inner.o(.text) refers to defsig_general.o(.text) for __default_signal_display
    defsig_rtred_inner.o(.text) refers to defsig_general.o(.text) for __default_signal_display
    defsig_rtmem_inner.o(.text) refers to defsig_general.o(.text) for __default_signal_display
    defsig_rtmem_outer.o(.text) refers to defsig_rtmem_inner.o(.text) for __rt_SIGRTMEM_inner
    defsig_rtmem_outer.o(.text) refers to defsig_exit.o(.text) for __sig_exit
    defsig_rtmem_formal.o(.text) refers to rt_raise.o(.text) for __rt_raise
    defsig_stak_inner.o(.text) refers to defsig_general.o(.text) for __default_signal_display
    defsig_pvfn_inner.o(.text) refers to defsig_general.o(.text) for __default_signal_display
    defsig_cppl_inner.o(.text) refers to defsig_general.o(.text) for __default_signal_display
    defsig_segv_inner.o(.text) refers to defsig_general.o(.text) for __default_signal_display
    defsig_other.o(.text) refers to defsig_general.o(.text) for __default_signal_display


==============================================================================

Removing Unused input sections from the image.

    Removing code_def.o(i.Delay), (32 bytes).
    Removing code_def.o(i.PlaySound), (18 bytes).
    Removing lcd.o(i.LCD_Clear), (108 bytes).
    Removing lcd.o(i.LCD_Color_Fill), (90 bytes).
    Removing lcd.o(i.LCD_DisplayOff), (10 bytes).
    Removing lcd.o(i.LCD_DisplayOn), (10 bytes).
    Removing lcd.o(i.LCD_Display_Dir), (112 bytes).
    Removing lcd.o(i.LCD_DrawLine), (178 bytes).
    Removing lcd.o(i.LCD_DrawPoint), (32 bytes).
    Removing lcd.o(i.LCD_Fast_DrawPoint), (92 bytes).
    Removing lcd.o(i.LCD_Pow), (26 bytes).
    Removing lcd.o(i.LCD_RD_DATA), (36 bytes).
    Removing lcd.o(i.LCD_ReadReg), (16 bytes).
    Removing lcd.o(i.LCD_Scan_Dir), (744 bytes).
    Removing lcd.o(i.LCD_Set_Window), (104 bytes).
    Removing lcd.o(i.LCD_ShowChar), (284 bytes).
    Removing lcd.o(i.LCD_ShowNum), (154 bytes).
    Removing lcd.o(i.LCD_ShowString), (102 bytes).
    Removing lcd.o(i.LCD_ShowxNum), (208 bytes).
    Removing lcd.o(i.LCD_WriteRAM), (12 bytes).
    Removing lcd.o(i.LCD_WriteReg), (20 bytes).
    Removing lcd.o(i.ReadData), (36 bytes).
    Removing lcd.o(i.opt_Delay), (14 bytes).
    Removing lcd.o(.bss), (14 bytes).
    Removing lcd.o(.constdata), (6080 bytes).
    Removing lcd.o(.data), (4 bytes).
    Removing systick.o(i.Read_SysTick_VALUE), (12 bytes).
    Removing systick.o(i.Set_SysTick_CALIB), (12 bytes).
    Removing systick.o(i.Set_SysTick_LOAD), (12 bytes).
    Removing systick.o(i.Set_SysTick_VALUE), (12 bytes).
    Removing systick.o(i.Timer_Ini), (44 bytes).
    Removing systick.o(i.Timer_Stop), (36 bytes).
    Removing lcd.o(i.__ARM_common_switch8), (28 bytes).

33 unused section(s) (total 8692 bytes) removed from the image.

==============================================================================

Image Symbol Table

    Local Symbols

    Symbol Name                              Value     Ov Type        Size  Object(Section)

    RESET                                    0x00000000   Section       76  startup_cmsdk_cm0.o(RESET)
    ../clib/../cmprslib/lz77c.c              0x00000000   Number         0  __dclz77c.o ABSOLUTE
    ../clib/angel/boardlib.s                 0x00000000   Number         0  boardinit1.o ABSOLUTE
    ../clib/angel/boardlib.s                 0x00000000   Number         0  boardinit2.o ABSOLUTE
    ../clib/angel/boardlib.s                 0x00000000   Number         0  boardinit3.o ABSOLUTE
    ../clib/angel/boardlib.s                 0x00000000   Number         0  boardshut.o ABSOLUTE
    ../clib/angel/handlers.s                 0x00000000   Number         0  __scatter_zi.o ABSOLUTE
    ../clib/angel/kernel.s                   0x00000000   Number         0  __rtentry4.o ABSOLUTE
    ../clib/angel/kernel.s                   0x00000000   Number         0  __rtentry.o ABSOLUTE
    ../clib/angel/kernel.s                   0x00000000   Number         0  __rtentry2.o ABSOLUTE
    ../clib/angel/kernel.s                   0x00000000   Number         0  rtexit2.o ABSOLUTE
    ../clib/angel/kernel.s                   0x00000000   Number         0  rtexit.o ABSOLUTE
    ../clib/angel/rt.s                       0x00000000   Number         0  rt_div0.o ABSOLUTE
    ../clib/angel/rt.s                       0x00000000   Number         0  aeabi_idiv0.o ABSOLUTE
    ../clib/angel/rt.s                       0x00000000   Number         0  rt_raise.o ABSOLUTE
    ../clib/angel/rt.s                       0x00000000   Number         0  aeabi_idiv0_sigfpe.o ABSOLUTE
    ../clib/angel/scatterp.s                 0x00000000   Number         0  __scatter.o ABSOLUTE
    ../clib/angel/startup.s                  0x00000000   Number         0  __main.o ABSOLUTE
    ../clib/angel/sys.s                      0x00000000   Number         0  indicate_semi.o ABSOLUTE
    ../clib/angel/sys.s                      0x00000000   Number         0  use_no_semi.o ABSOLUTE
    ../clib/angel/sys.s                      0x00000000   Number         0  sys_stackheap_outer.o ABSOLUTE
    ../clib/angel/sys.s                      0x00000000   Number         0  libspace.o ABSOLUTE
    ../clib/angel/sys.s                      0x00000000   Number         0  tempstk.o ABSOLUTE
    ../clib/angel/sysapp.c                   0x00000000   Number         0  sys_command.o ABSOLUTE
    ../clib/angel/sysapp.c                   0x00000000   Number         0  sys_exit.o ABSOLUTE
    ../clib/angel/sysapp.c                   0x00000000   Number         0  sys_wrch.o ABSOLUTE
    ../clib/armsys.c                         0x00000000   Number         0  _get_argv_nomalloc.o ABSOLUTE
    ../clib/armsys.c                         0x00000000   Number         0  no_argv.o ABSOLUTE
    ../clib/armsys.c                         0x00000000   Number         0  argv_veneer.o ABSOLUTE
    ../clib/division.s                       0x00000000   Number         0  aeabi_sdiv.o ABSOLUTE
    ../clib/division.s                       0x00000000   Number         0  aeabi_sdiv_div0.o ABSOLUTE
    ../clib/heapalloc.c                      0x00000000   Number         0  hrguard.o ABSOLUTE
    ../clib/heapaux.c                        0x00000000   Number         0  heapauxi.o ABSOLUTE
    ../clib/libinit.s                        0x00000000   Number         0  libinit2.o ABSOLUTE
    ../clib/libinit.s                        0x00000000   Number         0  libinit.o ABSOLUTE
    ../clib/libinit.s                        0x00000000   Number         0  libshutdown2.o ABSOLUTE
    ../clib/libinit.s                        0x00000000   Number         0  libshutdown.o ABSOLUTE
    ../clib/memcpset.c                       0x00000000   Number         0  rt_memclr.o ABSOLUTE
    ../clib/signal.c                         0x00000000   Number         0  defsig_other.o ABSOLUTE
    ../clib/signal.c                         0x00000000   Number         0  defsig_pvfn_inner.o ABSOLUTE
    ../clib/signal.c                         0x00000000   Number         0  defsig_exit.o ABSOLUTE
    ../clib/signal.c                         0x00000000   Number         0  defsig_fpe_inner.o ABSOLUTE
    ../clib/signal.c                         0x00000000   Number         0  defsig_fpe_outer.o ABSOLUTE
    ../clib/signal.c                         0x00000000   Number         0  defsig_rtmem_inner.o ABSOLUTE
    ../clib/signal.c                         0x00000000   Number         0  defsig_rtmem_formal.o ABSOLUTE
    ../clib/signal.c                         0x00000000   Number         0  defsig_rtred_inner.o ABSOLUTE
    ../clib/signal.c                         0x00000000   Number         0  defsig_abrt_inner.o ABSOLUTE
    ../clib/signal.c                         0x00000000   Number         0  defsig_stak_inner.o ABSOLUTE
    ../clib/signal.c                         0x00000000   Number         0  defsig_fpe_formal.o ABSOLUTE
    ../clib/signal.c                         0x00000000   Number         0  defsig_cppl_inner.o ABSOLUTE
    ../clib/signal.c                         0x00000000   Number         0  defsig_rtmem_outer.o ABSOLUTE
    ../clib/signal.c                         0x00000000   Number         0  defsig_general.o ABSOLUTE
    ../clib/signal.c                         0x00000000   Number         0  __raise.o ABSOLUTE
    ../clib/signal.c                         0x00000000   Number         0  defsig_segv_inner.o ABSOLUTE
    ../clib/signal.s                         0x00000000   Number         0  defsig.o ABSOLUTE
    ../clib/stdlib.c                         0x00000000   Number         0  exit.o ABSOLUTE
    ../fplib/cfplib/fpinit.c                 0x00000000   Number         0  fpinit.o ABSOLUTE
    ..\src\code_def.c                        0x00000000   Number         0  code_def.o ABSOLUTE
    ..\src\lcd.c                             0x00000000   Number         0  lcd.o ABSOLUTE
    ..\src\main.c                            0x00000000   Number         0  main.o ABSOLUTE
    ..\src\startup_CMSDK_CM0.s               0x00000000   Number         0  startup_cmsdk_cm0.o ABSOLUTE
    ..\src\systick.c                         0x00000000   Number         0  systick.o ABSOLUTE
    dc.s                                     0x00000000   Number         0  dc.o ABSOLUTE
    !!!main                                  0x0000004c   Section        8  __main.o(!!!main)
    !!!scatter                               0x00000054   Section       60  __scatter.o(!!!scatter)
    !!handler_zi                             0x00000090   Section       28  __scatter_zi.o(!!handler_zi)
    .ARM.Collect$$libinit$$00000000          0x000000ac   Section        2  libinit.o(.ARM.Collect$$libinit$$00000000)
    .ARM.Collect$$libinit$$00000002          0x000000ae   Section        0  libinit2.o(.ARM.Collect$$libinit$$00000002)
    .ARM.Collect$$libinit$$00000004          0x000000ae   Section        0  libinit2.o(.ARM.Collect$$libinit$$00000004)
    .ARM.Collect$$libinit$$0000000A          0x000000ae   Section        0  libinit2.o(.ARM.Collect$$libinit$$0000000A)
    .ARM.Collect$$libinit$$0000000C          0x000000ae   Section        0  libinit2.o(.ARM.Collect$$libinit$$0000000C)
    .ARM.Collect$$libinit$$0000000E          0x000000ae   Section        0  libinit2.o(.ARM.Collect$$libinit$$0000000E)
    .ARM.Collect$$libinit$$00000011          0x000000ae   Section        0  libinit2.o(.ARM.Collect$$libinit$$00000011)
    .ARM.Collect$$libinit$$00000013          0x000000ae   Section        0  libinit2.o(.ARM.Collect$$libinit$$00000013)
    .ARM.Collect$$libinit$$00000015          0x000000ae   Section        0  libinit2.o(.ARM.Collect$$libinit$$00000015)
    .ARM.Collect$$libinit$$00000017          0x000000ae   Section        0  libinit2.o(.ARM.Collect$$libinit$$00000017)
    .ARM.Collect$$libinit$$00000019          0x000000ae   Section        0  libinit2.o(.ARM.Collect$$libinit$$00000019)
    .ARM.Collect$$libinit$$0000001B          0x000000ae   Section        0  libinit2.o(.ARM.Collect$$libinit$$0000001B)
    .ARM.Collect$$libinit$$0000001D          0x000000ae   Section        0  libinit2.o(.ARM.Collect$$libinit$$0000001D)
    .ARM.Collect$$libinit$$0000001F          0x000000ae   Section        0  libinit2.o(.ARM.Collect$$libinit$$0000001F)
    .ARM.Collect$$libinit$$00000021          0x000000ae   Section        0  libinit2.o(.ARM.Collect$$libinit$$00000021)
    .ARM.Collect$$libinit$$00000023          0x000000ae   Section        0  libinit2.o(.ARM.Collect$$libinit$$00000023)
    .ARM.Collect$$libinit$$00000025          0x000000ae   Section        0  libinit2.o(.ARM.Collect$$libinit$$00000025)
    .ARM.Collect$$libinit$$0000002C          0x000000ae   Section        0  libinit2.o(.ARM.Collect$$libinit$$0000002C)
    .ARM.Collect$$libinit$$0000002E          0x000000ae   Section        0  libinit2.o(.ARM.Collect$$libinit$$0000002E)
    .ARM.Collect$$libinit$$00000030          0x000000ae   Section        0  libinit2.o(.ARM.Collect$$libinit$$00000030)
    .ARM.Collect$$libinit$$00000032          0x000000ae   Section        0  libinit2.o(.ARM.Collect$$libinit$$00000032)
    .ARM.Collect$$libinit$$00000033          0x000000ae   Section        2  libinit2.o(.ARM.Collect$$libinit$$00000033)
    .ARM.Collect$$libshutdown$$00000000      0x000000b0   Section        2  libshutdown.o(.ARM.Collect$$libshutdown$$00000000)
    .ARM.Collect$$libshutdown$$00000002      0x000000b2   Section        0  libshutdown2.o(.ARM.Collect$$libshutdown$$00000002)
    .ARM.Collect$$libshutdown$$00000004      0x000000b2   Section        0  libshutdown2.o(.ARM.Collect$$libshutdown$$00000004)
    .ARM.Collect$$libshutdown$$00000006      0x000000b2   Section        0  libshutdown2.o(.ARM.Collect$$libshutdown$$00000006)
    .ARM.Collect$$libshutdown$$00000009      0x000000b2   Section        0  libshutdown2.o(.ARM.Collect$$libshutdown$$00000009)
    .ARM.Collect$$libshutdown$$0000000C      0x000000b2   Section        0  libshutdown2.o(.ARM.Collect$$libshutdown$$0000000C)
    .ARM.Collect$$libshutdown$$0000000E      0x000000b2   Section        0  libshutdown2.o(.ARM.Collect$$libshutdown$$0000000E)
    .ARM.Collect$$libshutdown$$00000011      0x000000b2   Section        0  libshutdown2.o(.ARM.Collect$$libshutdown$$00000011)
    .ARM.Collect$$libshutdown$$00000012      0x000000b2   Section        2  libshutdown2.o(.ARM.Collect$$libshutdown$$00000012)
    .ARM.Collect$$rtentry$$00000000          0x000000b4   Section        0  __rtentry.o(.ARM.Collect$$rtentry$$00000000)
    .ARM.Collect$$rtentry$$00000002          0x000000b4   Section        0  __rtentry2.o(.ARM.Collect$$rtentry$$00000002)
    .ARM.Collect$$rtentry$$00000004          0x000000b4   Section        6  __rtentry4.o(.ARM.Collect$$rtentry$$00000004)
    .ARM.Collect$$rtentry$$00000009          0x000000ba   Section        0  __rtentry2.o(.ARM.Collect$$rtentry$$00000009)
    .ARM.Collect$$rtentry$$0000000A          0x000000ba   Section        4  __rtentry2.o(.ARM.Collect$$rtentry$$0000000A)
    .ARM.Collect$$rtentry$$0000000C          0x000000be   Section        0  __rtentry2.o(.ARM.Collect$$rtentry$$0000000C)
    .ARM.Collect$$rtentry$$0000000D          0x000000be   Section        8  __rtentry2.o(.ARM.Collect$$rtentry$$0000000D)
    .ARM.Collect$$rtexit$$00000000           0x000000c6   Section        2  rtexit.o(.ARM.Collect$$rtexit$$00000000)
    .ARM.Collect$$rtexit$$00000002           0x000000c8   Section        0  rtexit2.o(.ARM.Collect$$rtexit$$00000002)
    .ARM.Collect$$rtexit$$00000003           0x000000c8   Section        4  rtexit2.o(.ARM.Collect$$rtexit$$00000003)
    .ARM.Collect$$rtexit$$00000004           0x000000cc   Section        6  rtexit2.o(.ARM.Collect$$rtexit$$00000004)
    .text                                    0x000000d4   Section       72  startup_cmsdk_cm0.o(.text)
    .text                                    0x0000011c   Section        0  rt_memclr.o(.text)
    .text                                    0x0000015c   Section      346  aeabi_sdiv.o(.text)
    .text                                    0x000002b6   Section        0  heapauxi.o(.text)
    .text                                    0x000002bc   Section       62  sys_stackheap_outer.o(.text)
    .text                                    0x000002fa   Section        0  exit.o(.text)
    .text                                    0x0000030c   Section        8  libspace.o(.text)
    .text                                    0x00000314   Section        0  sys_exit.o(.text)
    .text                                    0x00000320   Section        2  use_no_semi.o(.text)
    .text                                    0x00000322   Section        0  indicate_semi.o(.text)
    .text                                    0x00000322   Section        0  __dclz77c.o(.text)
    i.BEAT                                   0x00000384   Section        0  main.o(i.BEAT)
    i.KEY                                    0x000003a0   Section        0  main.o(i.KEY)
    i.LCD_Fill                               0x00000438   Section        0  lcd.o(i.LCD_Fill)
    i.LCD_INI_FINISH                         0x00000488   Section        0  code_def.o(i.LCD_INI_FINISH)
    i.LCD_Init                               0x00000494   Section        0  lcd.o(i.LCD_Init)
    i.LCD_SetCursor                          0x000004a4   Section        0  lcd.o(i.LCD_SetCursor)
    i.LCD_WR_DATA                            0x000004d0   Section        0  lcd.o(i.LCD_WR_DATA)
    i.LCD_WR_REG                             0x000004f8   Section        0  lcd.o(i.LCD_WR_REG)
    i.LCD_WriteRAM_Prepare                   0x0000051c   Section        0  lcd.o(i.LCD_WriteRAM_Prepare)
    i.MakeData                               0x00000528   Section        0  lcd.o(i.MakeData)
    i.PlayBGM                                0x000005b0   Section        0  code_def.o(i.PlayBGM)
    i.PlayCol                                0x000005cc   Section        0  main.o(i.PlayCol)
    i.ResetBGM                               0x00000674   Section        0  code_def.o(i.ResetBGM)
    i.SYSInit                                0x00000684   Section        0  code_def.o(i.SYSInit)
    i.Set_SysTick_CTRL                       0x00000698   Section        0  systick.o(i.Set_SysTick_CTRL)
    i.StartBGM                               0x000006a4   Section        0  code_def.o(i.StartBGM)
    i.StopBGM                                0x000006b6   Section        0  code_def.o(i.StopBGM)
    i.SysTickHandler                         0x000006c8   Section        0  systick.o(i.SysTickHandler)
    i.drawCol                                0x000006e4   Section        0  main.o(i.drawCol)
    i.main                                   0x00000770   Section        0  main.o(i.main)
    .constdata                               0x000007d0   Section     1472  main.o(.constdata)
    .data                                    0x20000000   Section        4  code_def.o(.data)
    .data                                    0x20000004   Section      673  main.o(.data)
    .bss                                     0x200002a8   Section       96  libspace.o(.bss)
    HEAP                                     0x20000310   Section     1024  startup_cmsdk_cm0.o(HEAP)
    Heap_Mem                                 0x20000310   Data        1024  startup_cmsdk_cm0.o(HEAP)
    STACK                                    0x20000710   Section     1024  startup_cmsdk_cm0.o(STACK)
    Stack_Mem                                0x20000710   Data        1024  startup_cmsdk_cm0.o(STACK)
    __initial_sp                             0x20000b10   Data           0  startup_cmsdk_cm0.o(STACK)

    Global Symbols

    Symbol Name                              Value     Ov Type        Size  Object(Section)

    BuildAttributes$$THM_ISAv3M$S$PE$A:L22$X:L11$S22$IEEE1$IW$USESV6$~STKCKD$USESV7$~SHL$OSPACE$ROPI$EBA8$UX$STANDARDLIB$REQ8$PRES8$EABIv2 0x00000000   Number         0  anon$$obj.o ABSOLUTE
    __ARM_use_no_argv                        0x00000000   Number         0  main.o ABSOLUTE
    __Vectors                                0x00000000   Data           4  startup_cmsdk_cm0.o(RESET)
    __ARM_exceptions_init                     - Undefined Weak Reference
    __alloca_initialize                       - Undefined Weak Reference
    __arm_fini_                               - Undefined Weak Reference
    __arm_preinit_                            - Undefined Weak Reference
    __cpp_initialize__aeabi_                  - Undefined Weak Reference
    __cxa_finalize                            - Undefined Weak Reference
    __rt_locale                               - Undefined Weak Reference
    __sigvec_lookup                           - Undefined Weak Reference
    _atexit_init                              - Undefined Weak Reference
    _call_atexit_fns                          - Undefined Weak Reference
    _clock_init                               - Undefined Weak Reference
    _fp_trap_init                             - Undefined Weak Reference
    _fp_trap_shutdown                         - Undefined Weak Reference
    _get_lc_collate                           - Undefined Weak Reference
    _get_lc_ctype                             - Undefined Weak Reference
    _get_lc_monetary                          - Undefined Weak Reference
    _get_lc_numeric                           - Undefined Weak Reference
    _get_lc_time                              - Undefined Weak Reference
    _getenv_init                              - Undefined Weak Reference
    _handle_redirection                       - Undefined Weak Reference
    _init_alloc                               - Undefined Weak Reference
    _init_user_alloc                          - Undefined Weak Reference
    _initio                                   - Undefined Weak Reference
    _rand_init                                - Undefined Weak Reference
    _signal_finish                            - Undefined Weak Reference
    _signal_init                              - Undefined Weak Reference
    _terminate_alloc                          - Undefined Weak Reference
    _terminate_user_alloc                     - Undefined Weak Reference
    _terminateio                              - Undefined Weak Reference
    __main                                   0x0000004d   Thumb Code     8  __main.o(!!!main)
    __scatterload                            0x00000055   Thumb Code     0  __scatter.o(!!!scatter)
    __scatterload_rt2                        0x00000055   Thumb Code    52  __scatter.o(!!!scatter)
    __scatterload_rt2_thumb_only             0x00000055   Thumb Code     0  __scatter.o(!!!scatter)
    __scatterload_null                       0x00000065   Thumb Code     0  __scatter.o(!!!scatter)
    __scatterload_zeroinit                   0x00000091   Thumb Code    28  __scatter_zi.o(!!handler_zi)
    __rt_lib_init                            0x000000ad   Thumb Code     0  libinit.o(.ARM.Collect$$libinit$$00000000)
    __rt_lib_init_alloca_1                   0x000000af   Thumb Code     0  libinit2.o(.ARM.Collect$$libinit$$0000002E)
    __rt_lib_init_argv_1                     0x000000af   Thumb Code     0  libinit2.o(.ARM.Collect$$libinit$$0000002C)
    __rt_lib_init_atexit_1                   0x000000af   Thumb Code     0  libinit2.o(.ARM.Collect$$libinit$$0000001B)
    __rt_lib_init_clock_1                    0x000000af   Thumb Code     0  libinit2.o(.ARM.Collect$$libinit$$00000021)
    __rt_lib_init_cpp_1                      0x000000af   Thumb Code     0  libinit2.o(.ARM.Collect$$libinit$$00000032)
    __rt_lib_init_exceptions_1               0x000000af   Thumb Code     0  libinit2.o(.ARM.Collect$$libinit$$00000030)
    __rt_lib_init_fp_1                       0x000000af   Thumb Code     0  libinit2.o(.ARM.Collect$$libinit$$00000002)
    __rt_lib_init_fp_trap_1                  0x000000af   Thumb Code     0  libinit2.o(.ARM.Collect$$libinit$$0000001F)
    __rt_lib_init_getenv_1                   0x000000af   Thumb Code     0  libinit2.o(.ARM.Collect$$libinit$$00000023)
    __rt_lib_init_heap_1                     0x000000af   Thumb Code     0  libinit2.o(.ARM.Collect$$libinit$$0000000A)
    __rt_lib_init_lc_collate_1               0x000000af   Thumb Code     0  libinit2.o(.ARM.Collect$$libinit$$00000011)
    __rt_lib_init_lc_ctype_1                 0x000000af   Thumb Code     0  libinit2.o(.ARM.Collect$$libinit$$00000013)
    __rt_lib_init_lc_monetary_1              0x000000af   Thumb Code     0  libinit2.o(.ARM.Collect$$libinit$$00000015)
    __rt_lib_init_lc_numeric_1               0x000000af   Thumb Code     0  libinit2.o(.ARM.Collect$$libinit$$00000017)
    __rt_lib_init_lc_time_1                  0x000000af   Thumb Code     0  libinit2.o(.ARM.Collect$$libinit$$00000019)
    __rt_lib_init_preinit_1                  0x000000af   Thumb Code     0  libinit2.o(.ARM.Collect$$libinit$$00000004)
    __rt_lib_init_rand_1                     0x000000af   Thumb Code     0  libinit2.o(.ARM.Collect$$libinit$$0000000E)
    __rt_lib_init_return                     0x000000af   Thumb Code     0  libinit2.o(.ARM.Collect$$libinit$$00000033)
    __rt_lib_init_signal_1                   0x000000af   Thumb Code     0  libinit2.o(.ARM.Collect$$libinit$$0000001D)
    __rt_lib_init_stdio_1                    0x000000af   Thumb Code     0  libinit2.o(.ARM.Collect$$libinit$$00000025)
    __rt_lib_init_user_alloc_1               0x000000af   Thumb Code     0  libinit2.o(.ARM.Collect$$libinit$$0000000C)
    __rt_lib_shutdown                        0x000000b1   Thumb Code     0  libshutdown.o(.ARM.Collect$$libshutdown$$00000000)
    __rt_lib_shutdown_cpp_1                  0x000000b3   Thumb Code     0  libshutdown2.o(.ARM.Collect$$libshutdown$$00000004)
    __rt_lib_shutdown_fini_1                 0x000000b3   Thumb Code     0  libshutdown2.o(.ARM.Collect$$libshutdown$$00000002)
    __rt_lib_shutdown_fp_trap_1              0x000000b3   Thumb Code     0  libshutdown2.o(.ARM.Collect$$libshutdown$$00000009)
    __rt_lib_shutdown_heap_1                 0x000000b3   Thumb Code     0  libshutdown2.o(.ARM.Collect$$libshutdown$$00000011)
    __rt_lib_shutdown_return                 0x000000b3   Thumb Code     0  libshutdown2.o(.ARM.Collect$$libshutdown$$00000012)
    __rt_lib_shutdown_signal_1               0x000000b3   Thumb Code     0  libshutdown2.o(.ARM.Collect$$libshutdown$$0000000C)
    __rt_lib_shutdown_stdio_1                0x000000b3   Thumb Code     0  libshutdown2.o(.ARM.Collect$$libshutdown$$00000006)
    __rt_lib_shutdown_user_alloc_1           0x000000b3   Thumb Code     0  libshutdown2.o(.ARM.Collect$$libshutdown$$0000000E)
    __rt_entry                               0x000000b5   Thumb Code     0  __rtentry.o(.ARM.Collect$$rtentry$$00000000)
    __rt_entry_presh_1                       0x000000b5   Thumb Code     0  __rtentry2.o(.ARM.Collect$$rtentry$$00000002)
    __rt_entry_sh                            0x000000b5   Thumb Code     0  __rtentry4.o(.ARM.Collect$$rtentry$$00000004)
    __rt_entry_li                            0x000000bb   Thumb Code     0  __rtentry2.o(.ARM.Collect$$rtentry$$0000000A)
    __rt_entry_postsh_1                      0x000000bb   Thumb Code     0  __rtentry2.o(.ARM.Collect$$rtentry$$00000009)
    __rt_entry_main                          0x000000bf   Thumb Code     0  __rtentry2.o(.ARM.Collect$$rtentry$$0000000D)
    __rt_entry_postli_1                      0x000000bf   Thumb Code     0  __rtentry2.o(.ARM.Collect$$rtentry$$0000000C)
    __rt_exit                                0x000000c7   Thumb Code     0  rtexit.o(.ARM.Collect$$rtexit$$00000000)
    __rt_exit_ls                             0x000000c9   Thumb Code     0  rtexit2.o(.ARM.Collect$$rtexit$$00000003)
    __rt_exit_prels_1                        0x000000c9   Thumb Code     0  rtexit2.o(.ARM.Collect$$rtexit$$00000002)
    __rt_exit_exit                           0x000000cd   Thumb Code     0  rtexit2.o(.ARM.Collect$$rtexit$$00000004)
    Reset_Handler                            0x000000d5   Thumb Code     8  startup_cmsdk_cm0.o(.text)
    SysTick_Handler                          0x000000dd   Thumb Code     8  startup_cmsdk_cm0.o(.text)
    KEY_Handler                              0x000000e5   Thumb Code     8  startup_cmsdk_cm0.o(.text)
    LCDINI_Handler                           0x000000ed   Thumb Code     8  startup_cmsdk_cm0.o(.text)
    BeatFin_Handler                          0x000000f5   Thumb Code     8  startup_cmsdk_cm0.o(.text)
    __user_initial_stackheap                 0x000000fd   Thumb Code     0  startup_cmsdk_cm0.o(.text)
    _memset_w                                0x0000011d   Thumb Code    26  rt_memclr.o(.text)
    _memset                                  0x00000137   Thumb Code    30  rt_memclr.o(.text)
    __aeabi_memclr                           0x00000155   Thumb Code     4  rt_memclr.o(.text)
    __rt_memclr                              0x00000155   Thumb Code     0  rt_memclr.o(.text)
    __aeabi_memclr4                          0x00000159   Thumb Code     0  rt_memclr.o(.text)
    __aeabi_memclr8                          0x00000159   Thumb Code     0  rt_memclr.o(.text)
    __rt_memclr_w                            0x00000159   Thumb Code     4  rt_memclr.o(.text)
    __aeabi_uidiv                            0x0000015d   Thumb Code     0  aeabi_sdiv.o(.text)
    __aeabi_uidivmod                         0x0000015d   Thumb Code    20  aeabi_sdiv.o(.text)
    __aeabi_idiv                             0x00000171   Thumb Code     0  aeabi_sdiv.o(.text)
    __aeabi_idivmod                          0x00000171   Thumb Code   326  aeabi_sdiv.o(.text)
    __use_two_region_memory                  0x000002b7   Thumb Code     2  heapauxi.o(.text)
    __rt_heap_escrow$2region                 0x000002b9   Thumb Code     2  heapauxi.o(.text)
    __rt_heap_expand$2region                 0x000002bb   Thumb Code     2  heapauxi.o(.text)
    __user_setup_stackheap                   0x000002bd   Thumb Code    62  sys_stackheap_outer.o(.text)
    exit                                     0x000002fb   Thumb Code    16  exit.o(.text)
    __user_libspace                          0x0000030d   Thumb Code     8  libspace.o(.text)
    __user_perproc_libspace                  0x0000030d   Thumb Code     0  libspace.o(.text)
    __user_perthread_libspace                0x0000030d   Thumb Code     0  libspace.o(.text)
    _sys_exit                                0x00000315   Thumb Code     8  sys_exit.o(.text)
    __I$use$semihosting                      0x00000321   Thumb Code     0  use_no_semi.o(.text)
    __use_no_semihosting_swi                 0x00000321   Thumb Code     2  use_no_semi.o(.text)
    __decompress                             0x00000323   Thumb Code     0  __dclz77c.o(.text)
    __decompress2                            0x00000323   Thumb Code    96  __dclz77c.o(.text)
    __semihosting_library_function           0x00000323   Thumb Code     0  indicate_semi.o(.text)
    BEAT                                     0x00000385   Thumb Code    20  main.o(i.BEAT)
    KEY                                      0x000003a1   Thumb Code   126  main.o(i.KEY)
    LCD_Fill                                 0x00000439   Thumb Code    80  lcd.o(i.LCD_Fill)
    LCD_INI_FINISH                           0x00000489   Thumb Code     8  code_def.o(i.LCD_INI_FINISH)
    LCD_Init                                 0x00000495   Thumb Code    12  lcd.o(i.LCD_Init)
    LCD_SetCursor                            0x000004a5   Thumb Code    44  lcd.o(i.LCD_SetCursor)
    LCD_WR_DATA                              0x000004d1   Thumb Code    34  lcd.o(i.LCD_WR_DATA)
    LCD_WR_REG                               0x000004f9   Thumb Code    32  lcd.o(i.LCD_WR_REG)
    LCD_WriteRAM_Prepare                     0x0000051d   Thumb Code    10  lcd.o(i.LCD_WriteRAM_Prepare)
    MakeData                                 0x00000529   Thumb Code   130  lcd.o(i.MakeData)
    PlayBGM                                  0x000005b1   Thumb Code    28  code_def.o(i.PlayBGM)
    PlayCol                                  0x000005cd   Thumb Code   148  main.o(i.PlayCol)
    ResetBGM                                 0x00000675   Thumb Code    16  code_def.o(i.ResetBGM)
    SYSInit                                  0x00000685   Thumb Code    16  code_def.o(i.SYSInit)
    Set_SysTick_CTRL                         0x00000699   Thumb Code     6  systick.o(i.Set_SysTick_CTRL)
    StartBGM                                 0x000006a5   Thumb Code    18  code_def.o(i.StartBGM)
    StopBGM                                  0x000006b7   Thumb Code    16  code_def.o(i.StopBGM)
    SysTickHandler                           0x000006c9   Thumb Code    24  systick.o(i.SysTickHandler)
    drawCol                                  0x000006e5   Thumb Code   134  main.o(i.drawCol)
    main                                     0x00000771   Thumb Code    80  main.o(i.main)
    ColTab                                   0x000007d0   Data        1408  main.o(.constdata)
    colorTab                                 0x00000d50   Data          64  main.o(.constdata)
    Region$$Table$$Base                      0x00000d90   Number         0  anon$$obj.o(Region$$Table)
    Region$$Table$$Limit                     0x00000db0   Number         0  anon$$obj.o(Region$$Table)
    LCD_ini_finish                           0x20000000   Data           4  code_def.o(.data)
    Music_1                                  0x20000004   Data         280  main.o(.data)
    Music_2                                  0x2000011c   Data         378  main.o(.data)
    Sound                                    0x20000296   Data           4  main.o(.data)
    isPlaying                                0x2000029a   Data           1  main.o(.data)
    isStop                                   0x2000029b   Data           1  main.o(.data)
    Music_num                                0x2000029c   Data           4  main.o(.data)
    Beat_flag                                0x200002a0   Data           4  main.o(.data)
    tune                                     0x200002a4   Data           1  main.o(.data)
    __libspace_start                         0x200002a8   Data          96  libspace.o(.bss)
    __temporary_stack_top$libspace           0x20000308   Data           0  libspace.o(.bss)



==============================================================================

Memory Map of the image

  Image entry point : Not specified.

  Load Region LR_IROM1 (Base: 0x00000000, Size: 0x00001058, Max: 0x00010000, ABSOLUTE, COMPRESSED[0x00000f18])

    Execution Region ER_IROM1 (Exec base: 0x00000000, Load base: 0x00000000, Size: 0x00000db0, Max: 0x00010000, ABSOLUTE)

    Exec Addr    Load Addr    Size         Type   Attr      Idx    E Section Name        Object

    0x00000000   0x00000000   0x0000004c   Data   RO          304    RESET               startup_cmsdk_cm0.o
    0x0000004c   0x0000004c   0x00000008   Code   RO          374  * !!!main             c_p.l(__main.o)
    0x00000054   0x00000054   0x0000003c   Code   RO          547    !!!scatter          c_p.l(__scatter.o)
    0x00000090   0x00000090   0x0000001c   Code   RO          549    !!handler_zi        c_p.l(__scatter_zi.o)
    0x000000ac   0x000000ac   0x00000002   Code   RO          412    .ARM.Collect$$libinit$$00000000  c_p.l(libinit.o)
    0x000000ae   0x000000ae   0x00000000   Code   RO          426    .ARM.Collect$$libinit$$00000002  c_p.l(libinit2.o)
    0x000000ae   0x000000ae   0x00000000   Code   RO          428    .ARM.Collect$$libinit$$00000004  c_p.l(libinit2.o)
    0x000000ae   0x000000ae   0x00000000   Code   RO          431    .ARM.Collect$$libinit$$0000000A  c_p.l(libinit2.o)
    0x000000ae   0x000000ae   0x00000000   Code   RO          433    .ARM.Collect$$libinit$$0000000C  c_p.l(libinit2.o)
    0x000000ae   0x000000ae   0x00000000   Code   RO          435    .ARM.Collect$$libinit$$0000000E  c_p.l(libinit2.o)
    0x000000ae   0x000000ae   0x00000000   Code   RO          438    .ARM.Collect$$libinit$$00000011  c_p.l(libinit2.o)
    0x000000ae   0x000000ae   0x00000000   Code   RO          440    .ARM.Collect$$libinit$$00000013  c_p.l(libinit2.o)
    0x000000ae   0x000000ae   0x00000000   Code   RO          442    .ARM.Collect$$libinit$$00000015  c_p.l(libinit2.o)
    0x000000ae   0x000000ae   0x00000000   Code   RO          444    .ARM.Collect$$libinit$$00000017  c_p.l(libinit2.o)
    0x000000ae   0x000000ae   0x00000000   Code   RO          446    .ARM.Collect$$libinit$$00000019  c_p.l(libinit2.o)
    0x000000ae   0x000000ae   0x00000000   Code   RO          448    .ARM.Collect$$libinit$$0000001B  c_p.l(libinit2.o)
    0x000000ae   0x000000ae   0x00000000   Code   RO          450    .ARM.Collect$$libinit$$0000001D  c_p.l(libinit2.o)
    0x000000ae   0x000000ae   0x00000000   Code   RO          452    .ARM.Collect$$libinit$$0000001F  c_p.l(libinit2.o)
    0x000000ae   0x000000ae   0x00000000   Code   RO          454    .ARM.Collect$$libinit$$00000021  c_p.l(libinit2.o)
    0x000000ae   0x000000ae   0x00000000   Code   RO          456    .ARM.Collect$$libinit$$00000023  c_p.l(libinit2.o)
    0x000000ae   0x000000ae   0x00000000   Code   RO          458    .ARM.Collect$$libinit$$00000025  c_p.l(libinit2.o)
    0x000000ae   0x000000ae   0x00000000   Code   RO          462    .ARM.Collect$$libinit$$0000002C  c_p.l(libinit2.o)
    0x000000ae   0x000000ae   0x00000000   Code   RO          464    .ARM.Collect$$libinit$$0000002E  c_p.l(libinit2.o)
    0x000000ae   0x000000ae   0x00000000   Code   RO          466    .ARM.Collect$$libinit$$00000030  c_p.l(libinit2.o)
    0x000000ae   0x000000ae   0x00000000   Code   RO          468    .ARM.Collect$$libinit$$00000032  c_p.l(libinit2.o)
    0x000000ae   0x000000ae   0x00000002   Code   RO          469    .ARM.Collect$$libinit$$00000033  c_p.l(libinit2.o)
    0x000000b0   0x000000b0   0x00000002   Code   RO          500    .ARM.Collect$$libshutdown$$00000000  c_p.l(libshutdown.o)
    0x000000b2   0x000000b2   0x00000000   Code   RO          526    .ARM.Collect$$libshutdown$$00000002  c_p.l(libshutdown2.o)
    0x000000b2   0x000000b2   0x00000000   Code   RO          528    .ARM.Collect$$libshutdown$$00000004  c_p.l(libshutdown2.o)
    0x000000b2   0x000000b2   0x00000000   Code   RO          530    .ARM.Collect$$libshutdown$$00000006  c_p.l(libshutdown2.o)
    0x000000b2   0x000000b2   0x00000000   Code   RO          533    .ARM.Collect$$libshutdown$$00000009  c_p.l(libshutdown2.o)
    0x000000b2   0x000000b2   0x00000000   Code   RO          536    .ARM.Collect$$libshutdown$$0000000C  c_p.l(libshutdown2.o)
    0x000000b2   0x000000b2   0x00000000   Code   RO          538    .ARM.Collect$$libshutdown$$0000000E  c_p.l(libshutdown2.o)
    0x000000b2   0x000000b2   0x00000000   Code   RO          541    .ARM.Collect$$libshutdown$$00000011  c_p.l(libshutdown2.o)
    0x000000b2   0x000000b2   0x00000002   Code   RO          542    .ARM.Collect$$libshutdown$$00000012  c_p.l(libshutdown2.o)
    0x000000b4   0x000000b4   0x00000000   Code   RO          376    .ARM.Collect$$rtentry$$00000000  c_p.l(__rtentry.o)
    0x000000b4   0x000000b4   0x00000000   Code   RO          382    .ARM.Collect$$rtentry$$00000002  c_p.l(__rtentry2.o)
    0x000000b4   0x000000b4   0x00000006   Code   RO          394    .ARM.Collect$$rtentry$$00000004  c_p.l(__rtentry4.o)
    0x000000ba   0x000000ba   0x00000000   Code   RO          384    .ARM.Collect$$rtentry$$00000009  c_p.l(__rtentry2.o)
    0x000000ba   0x000000ba   0x00000004   Code   RO          385    .ARM.Collect$$rtentry$$0000000A  c_p.l(__rtentry2.o)
    0x000000be   0x000000be   0x00000000   Code   RO          387    .ARM.Collect$$rtentry$$0000000C  c_p.l(__rtentry2.o)
    0x000000be   0x000000be   0x00000008   Code   RO          388    .ARM.Collect$$rtentry$$0000000D  c_p.l(__rtentry2.o)
    0x000000c6   0x000000c6   0x00000002   Code   RO          417    .ARM.Collect$$rtexit$$00000000  c_p.l(rtexit.o)
    0x000000c8   0x000000c8   0x00000000   Code   RO          473    .ARM.Collect$$rtexit$$00000002  c_p.l(rtexit2.o)
    0x000000c8   0x000000c8   0x00000004   Code   RO          474    .ARM.Collect$$rtexit$$00000003  c_p.l(rtexit2.o)
    0x000000cc   0x000000cc   0x00000006   Code   RO          475    .ARM.Collect$$rtexit$$00000004  c_p.l(rtexit2.o)
    0x000000d2   0x000000d2   0x00000002   PAD
    0x000000d4   0x000000d4   0x00000048   Code   RO          305  * .text               startup_cmsdk_cm0.o
    0x0000011c   0x0000011c   0x00000040   Code   RO          366    .text               c_p.l(rt_memclr.o)
    0x0000015c   0x0000015c   0x0000015a   Code   RO          368    .text               c_p.l(aeabi_sdiv.o)
    0x000002b6   0x000002b6   0x00000006   Code   RO          372    .text               c_p.l(heapauxi.o)
    0x000002bc   0x000002bc   0x0000003e   Code   RO          398    .text               c_p.l(sys_stackheap_outer.o)
    0x000002fa   0x000002fa   0x00000010   Code   RO          401    .text               c_p.l(exit.o)
    0x0000030a   0x0000030a   0x00000002   PAD
    0x0000030c   0x0000030c   0x00000008   Code   RO          413    .text               c_p.l(libspace.o)
    0x00000314   0x00000314   0x0000000c   Code   RO          470    .text               c_p.l(sys_exit.o)
    0x00000320   0x00000320   0x00000002   Code   RO          489    .text               c_p.l(use_no_semi.o)
    0x00000322   0x00000322   0x00000000   Code   RO          491    .text               c_p.l(indicate_semi.o)
    0x00000322   0x00000322   0x00000060   Code   RO          545    .text               c_p.l(__dclz77c.o)
    0x00000382   0x00000382   0x00000002   PAD
    0x00000384   0x00000384   0x0000001c   Code   RO          261    i.BEAT              main.o
    0x000003a0   0x000003a0   0x00000098   Code   RO          262    i.KEY               main.o
    0x00000438   0x00000438   0x00000050   Code   RO           78    i.LCD_Fill          lcd.o
    0x00000488   0x00000488   0x0000000c   Code   RO            2    i.LCD_INI_FINISH    code_def.o
    0x00000494   0x00000494   0x00000010   Code   RO           79    i.LCD_Init          lcd.o
    0x000004a4   0x000004a4   0x0000002c   Code   RO           84    i.LCD_SetCursor     lcd.o
    0x000004d0   0x000004d0   0x00000028   Code   RO           90    i.LCD_WR_DATA       lcd.o
    0x000004f8   0x000004f8   0x00000024   Code   RO           91    i.LCD_WR_REG        lcd.o
    0x0000051c   0x0000051c   0x0000000a   Code   RO           93    i.LCD_WriteRAM_Prepare  lcd.o
    0x00000526   0x00000526   0x00000002   PAD
    0x00000528   0x00000528   0x00000088   Code   RO           95    i.MakeData          lcd.o
    0x000005b0   0x000005b0   0x0000001c   Code   RO            3    i.PlayBGM           code_def.o
    0x000005cc   0x000005cc   0x000000a8   Code   RO          263    i.PlayCol           main.o
    0x00000674   0x00000674   0x00000010   Code   RO            5    i.ResetBGM          code_def.o
    0x00000684   0x00000684   0x00000014   Code   RO            6    i.SYSInit           code_def.o
    0x00000698   0x00000698   0x0000000c   Code   RO          312    i.Set_SysTick_CTRL  systick.o
    0x000006a4   0x000006a4   0x00000012   Code   RO            7    i.StartBGM          code_def.o
    0x000006b6   0x000006b6   0x00000010   Code   RO            8    i.StopBGM           code_def.o
    0x000006c6   0x000006c6   0x00000002   PAD
    0x000006c8   0x000006c8   0x0000001c   Code   RO          315    i.SysTickHandler    systick.o
    0x000006e4   0x000006e4   0x0000008c   Code   RO          264    i.drawCol           main.o
    0x00000770   0x00000770   0x00000060   Code   RO          265    i.main              main.o
    0x000007d0   0x000007d0   0x000005c0   Data   RO          266    .constdata          main.o
    0x00000d90   0x00000d90   0x00000020   Data   RO          543    Region$$Table       anon$$obj.o


    Execution Region RW_IRAM1 (Exec base: 0x20000000, Load base: 0x00000db0, Size: 0x00000b10, Max: 0x00010000, ABSOLUTE, COMPRESSED[0x00000168])

    Exec Addr    Load Addr    Size         Type   Attr      Idx    E Section Name        Object

    0x20000000   COMPRESSED   0x00000004   Data   RW            9    .data               code_def.o
    0x20000004   COMPRESSED   0x000002a1   Data   RW          267    .data               main.o
    0x200002a5   COMPRESSED   0x00000003   PAD
    0x200002a8        -       0x00000060   Zero   RW          414    .bss                c_p.l(libspace.o)
    0x20000308   COMPRESSED   0x00000008   PAD
    0x20000310        -       0x00000400   Zero   RW          303    HEAP                startup_cmsdk_cm0.o
    0x20000710        -       0x00000400   Zero   RW          302    STACK               startup_cmsdk_cm0.o


==============================================================================

Image component sizes


      Code (inc. data)   RO Data    RW Data    ZI Data      Debug   Object Name

       110          8          0          4          0       7026   code_def.o
       362         20          0          0          0       3371   lcd.o
       584         76       1472        673          0       3459   main.o
        72         22         76          0       2048        544   startup_cmsdk_cm0.o
        40         10          0          0          0        812   systick.o

    ----------------------------------------------------------------------
      1172        136       1580        680       2048      15212   Object Totals
         0          0         32          0          0          0   (incl. Generated)
         4          0          0          3          0          0   (incl. Padding)

    ----------------------------------------------------------------------

      Code (inc. data)   RO Data    RW Data    ZI Data      Debug   Library Member Name

        96          0          0          0          0          0   __dclz77c.o
         8          0          0          0          0         68   __main.o
         0          0          0          0          0          0   __rtentry.o
        12          0          0          0          0          0   __rtentry2.o
         6          0          0          0          0          0   __rtentry4.o
        60          8          0          0          0          0   __scatter.o
        28          0          0          0          0          0   __scatter_zi.o
       346          0          0          0          0         92   aeabi_sdiv.o
        16          0          0          0          0         68   exit.o
         6          0          0          0          0        136   heapauxi.o
         0          0          0          0          0          0   indicate_semi.o
         2          0          0          0          0          0   libinit.o
         2          0          0          0          0          0   libinit2.o
         2          0          0          0          0          0   libshutdown.o
         2          0          0          0          0          0   libshutdown2.o
         8          4          0          0         96         68   libspace.o
        64          0          0          0          0        108   rt_memclr.o
         2          0          0          0          0          0   rtexit.o
        10          0          0          0          0          0   rtexit2.o
        12          4          0          0          0         60   sys_exit.o
        62          0          0          0          0         80   sys_stackheap_outer.o
         2          0          0          0          0         68   use_no_semi.o

    ----------------------------------------------------------------------
       752         16          0          0        104        748   Library Totals
         6          0          0          0          8          0   (incl. Padding)

    ----------------------------------------------------------------------

      Code (inc. data)   RO Data    RW Data    ZI Data      Debug   Library Name

       746         16          0          0         96        748   c_p.l

    ----------------------------------------------------------------------
       752         16          0          0        104        748   Library Totals

    ----------------------------------------------------------------------

==============================================================================


      Code (inc. data)   RO Data    RW Data    ZI Data      Debug   

      1924        152       1580        680       2152      14984   Grand Totals
      1924        152       1580        360       2152      14984   ELF Image Totals (compressed)
      1924        152       1580        360          0          0   ROM Totals

==============================================================================

    Total RO  Size (Code + RO Data)                 3504 (   3.42kB)
    Total RW  Size (RW Data + ZI Data)              2832 (   2.77kB)
    Total ROM Size (Code + RO Data + RW Data)       3864 (   3.77kB)

==============================================================================

