<html>
<body>
<pre>
<h1>µVision Build Log</h1>
<h2>Tool Versions:</h2>
IDE-Version: ¦ÌVision V5.36.0.0
Copyright (C) 2021 ARM Ltd and ARM Germany GmbH. All rights reserved.
License Information: yan ASUS, shu, LIC=YA39H-WFEUT-129LE-5P469-HCELU-ZZJ4U
 
Tool Versions:
Toolchain:       MDK-ARM Plus  Version: 5.36.0.0
Toolchain Path:  F:\FPGA\MDK5.36\ARM\ARMCC\Bin
C Compiler:      Armcc.exe V5.06 update 7 (build 960)
Assembler:       Armasm.exe V5.06 update 7 (build 960)
Linker/Locator:  ArmLink.exe V5.06 update 7 (build 960)
Library Manager: ArmAr.exe V5.06 update 7 (build 960)
Hex Converter:   FromElf.exe V5.06 update 7 (build 960)
CPU DLL:         SARMCM3.DLL V5.36.0.0
Dialog DLL:      DCM.DLL V1.17.3.0
Target DLL:      STLink\ST-LINKIII-KEIL_SWO.dll V3.0.9.0
Dialog DLL:      TCM.DLL V1.53.0.0
 
<h2>Project:</h2>
F:\FPGA\PrismGC\Test\zy\Keil\ProjectFolderTemplate\Projects\MDK-ARM\atk_f103.uvprojx
Project File Date:  03/18/2023

<h2>Output:</h2>
*** Using Compiler 'V5.06 update 7 (build 960)', folder: 'F:\FPGA\MDK5.36\ARM\ARMCC\Bin'
Rebuild target 'Template'
assembling startup_stm32f103xe.s...
compiling delay.c...
compiling usart.c...
compiling main.c...
..\..\User\main.c(16): warning:  #1-D: last line of file ends without a newline
  }
..\..\User\main.c: 1 warning, 0 errors
compiling sys.c...
linking...
Program Size: Code=2132 RO-data=336 RW-data=12 ZI-data=1324  
FromELF: creating hex file...
"..\..\Output\atk_f103.axf" - 0 Error(s), 1 Warning(s).

<h2>Software Packages used:</h2>

Package Vendor: Keil
                http://www.keil.com/pack/Keil.STM32F1xx_DFP.2.3.0.pack
                Keil.STM32F1xx_DFP.2.3.0
                STMicroelectronics STM32F1 Series Device Support, Drivers and Examples

<h2>Collection of Component include folders:</h2>
  F:\FPGA\MDK5.36\packs\Keil\STM32F1xx_DFP\2.3.0\Device\Include

<h2>Collection of Component Files used:</h2>
Build Time Elapsed:  00:00:01
</pre>
</body>
</html>
